[0.193s] Invoking command in '/home/kan/lab/course/build/go2_simulation': CMAKE_PREFIX_PATH=/opt/ros/humble /usr/bin/cmake /home/kan/lab/course/src/go2_simulation -DCMAKE_INSTALL_PREFIX=/home/kan/lab/course/install/go2_simulation
[0.235s] -- The C compiler identification is GNU 11.4.0
[0.284s] -- The CXX compiler identification is GNU 11.4.0
[0.294s] -- Detecting C compiler ABI info
[0.344s] -- Detecting C compiler ABI info - done
[0.350s] -- Check for working C compiler: /usr/lib/ccache/cc - skipped
[0.350s] -- Detecting C compile features
[0.350s] -- Detecting C compile features - done
[0.353s] -- Detecting CXX compiler ABI info
[0.409s] -- Detecting CXX compiler ABI info - done
[0.415s] -- Check for working CXX compiler: /usr/lib/ccache/c++ - skipped
[0.415s] -- Detecting CXX compile features
[0.416s] -- Detecting CXX compile features - done
[0.417s] -- Found ament_cmake: 1.3.12 (/opt/ros/humble/share/ament_cmake/cmake)
[0.742s] -- Found Python3: /usr/bin/python3 (found version "3.10.12") found components: Interpreter 
[0.868s] -- Configuring done
[0.870s] -- Generating done
[0.871s] -- Build files have been written to: /home/kan/lab/course/build/go2_simulation
[0.874s] Invoked command in '/home/kan/lab/course/build/go2_simulation' returned '0': CMAKE_PREFIX_PATH=/opt/ros/humble /usr/bin/cmake /home/kan/lab/course/src/go2_simulation -DCMAKE_INSTALL_PREFIX=/home/kan/lab/course/install/go2_simulation
[0.875s] Invoking command in '/home/kan/lab/course/build/go2_simulation': CMAKE_PREFIX_PATH=/opt/ros/humble /usr/bin/cmake --build /home/kan/lab/course/build/go2_simulation -- -j8 -l8
[0.911s] Invoked command in '/home/kan/lab/course/build/go2_simulation' returned '0': CMAKE_PREFIX_PATH=/opt/ros/humble /usr/bin/cmake --build /home/kan/lab/course/build/go2_simulation -- -j8 -l8
[0.912s] Invoking command in '/home/kan/lab/course/build/go2_simulation': CMAKE_PREFIX_PATH=/opt/ros/humble /usr/bin/cmake --install /home/kan/lab/course/build/go2_simulation
[0.918s] -- Install configuration: ""
[0.918s] -- Installing: /home/kan/lab/course/install/go2_simulation/share/go2_simulation/launch
[0.918s] -- Installing: /home/kan/lab/course/install/go2_simulation/share/go2_simulation/launch/sim.launch.py
[0.919s] -- Installing: /home/kan/lab/course/install/go2_simulation/share/go2_simulation/urdf
[0.919s] -- Installing: /home/kan/lab/course/install/go2_simulation/share/go2_simulation/urdf/go2.urdf
[0.919s] -- Installing: /home/kan/lab/course/install/go2_simulation/share/go2_simulation/worlds
[0.919s] -- Installing: /home/kan/lab/course/install/go2_simulation/share/go2_simulation/worlds/go2_world.sdf
[0.919s] -- Installing: /home/kan/lab/course/install/go2_simulation/share/go2_simulation/meshes
[0.919s] -- Installing: /home/kan/lab/course/install/go2_simulation/share/go2_simulation/meshes/left_d_camera.STL
[0.920s] -- Installing: /home/kan/lab/course/install/go2_simulation/share/go2_simulation/meshes/front_d_camera.STL
[0.920s] -- Installing: /home/kan/lab/course/install/go2_simulation/share/go2_simulation/meshes/base.STL
[0.935s] -- Installing: /home/kan/lab/course/install/go2_simulation/share/go2_simulation/meshes/lidar_link.STL
[0.935s] -- Installing: /home/kan/lab/course/install/go2_simulation/share/go2_simulation/meshes/right_d_camera.STL
[0.935s] -- Installing: /home/kan/lab/course/install/go2_simulation/share/go2_simulation/dae
[0.935s] -- Installing: /home/kan/lab/course/install/go2_simulation/share/go2_simulation/dae/foot.dae
[0.935s] -- Installing: /home/kan/lab/course/install/go2_simulation/share/go2_simulation/dae/calf.dae
[0.936s] -- Installing: /home/kan/lab/course/install/go2_simulation/share/go2_simulation/dae/base.dae
[0.936s] -- Installing: /home/kan/lab/course/install/go2_simulation/share/go2_simulation/dae/hip.dae
[0.936s] -- Installing: /home/kan/lab/course/install/go2_simulation/share/go2_simulation/dae/thigh.dae
[0.937s] -- Installing: /home/kan/lab/course/install/go2_simulation/share/go2_simulation/dae/calf_mirror.dae
[0.938s] -- Installing: /home/kan/lab/course/install/go2_simulation/share/go2_simulation/dae/thigh_mirror.dae
[0.940s] -- Installing: /home/kan/lab/course/install/go2_simulation/share/go2_simulation/config
[0.940s] -- Installing: /home/kan/lab/course/install/go2_simulation/share/go2_simulation/config/gz_bridge.yaml
[0.940s] -- Installing: /home/kan/lab/course/install/go2_simulation/share/go2_simulation/rviz
[0.940s] -- Installing: /home/kan/lab/course/install/go2_simulation/share/go2_simulation/rviz/.gitkeep
[0.940s] -- Installing: /home/kan/lab/course/install/go2_simulation/share/ament_index/resource_index/package_run_dependencies/go2_simulation
[0.941s] -- Installing: /home/kan/lab/course/install/go2_simulation/share/ament_index/resource_index/parent_prefix_path/go2_simulation
[0.941s] -- Installing: /home/kan/lab/course/install/go2_simulation/share/go2_simulation/environment/ament_prefix_path.sh
[0.941s] -- Installing: /home/kan/lab/course/install/go2_simulation/share/go2_simulation/environment/ament_prefix_path.dsv
[0.941s] -- Installing: /home/kan/lab/course/install/go2_simulation/share/go2_simulation/environment/path.sh
[0.941s] -- Installing: /home/kan/lab/course/install/go2_simulation/share/go2_simulation/environment/path.dsv
[0.941s] -- Installing: /home/kan/lab/course/install/go2_simulation/share/go2_simulation/local_setup.bash
[0.941s] -- Installing: /home/kan/lab/course/install/go2_simulation/share/go2_simulation/local_setup.sh
[0.941s] -- Installing: /home/kan/lab/course/install/go2_simulation/share/go2_simulation/local_setup.zsh
[0.941s] -- Installing: /home/kan/lab/course/install/go2_simulation/share/go2_simulation/local_setup.dsv
[0.941s] -- Installing: /home/kan/lab/course/install/go2_simulation/share/go2_simulation/package.dsv
[0.941s] -- Installing: /home/kan/lab/course/install/go2_simulation/share/ament_index/resource_index/packages/go2_simulation
[0.941s] -- Installing: /home/kan/lab/course/install/go2_simulation/share/go2_simulation/cmake/go2_simulationConfig.cmake
[0.942s] -- Installing: /home/kan/lab/course/install/go2_simulation/share/go2_simulation/cmake/go2_simulationConfig-version.cmake
[0.942s] -- Installing: /home/kan/lab/course/install/go2_simulation/share/go2_simulation/package.xml
[0.943s] Invoked command in '/home/kan/lab/course/build/go2_simulation' returned '0': CMAKE_PREFIX_PATH=/opt/ros/humble /usr/bin/cmake --install /home/kan/lab/course/build/go2_simulation
