/home/kan/lab/course/unitree_go2_ros2_jazzy1/install/yolo_ros/lib/python3.10/site-packages/yolo_ros/detect_3d_node.py
/home/kan/lab/course/unitree_go2_ros2_jazzy1/install/yolo_ros/lib/python3.10/site-packages/yolo_ros/yolo_node.py
/home/kan/lab/course/unitree_go2_ros2_jazzy1/install/yolo_ros/lib/python3.10/site-packages/yolo_ros/tracking_node.py
/home/kan/lab/course/unitree_go2_ros2_jazzy1/install/yolo_ros/lib/python3.10/site-packages/yolo_ros/__init__.py
/home/kan/lab/course/unitree_go2_ros2_jazzy1/install/yolo_ros/lib/python3.10/site-packages/yolo_ros/debug_node.py
/home/kan/lab/course/unitree_go2_ros2_jazzy1/install/yolo_ros/lib/python3.10/site-packages/yolo_ros/__pycache__/detect_3d_node.cpython-310.pyc
/home/kan/lab/course/unitree_go2_ros2_jazzy1/install/yolo_ros/lib/python3.10/site-packages/yolo_ros/__pycache__/yolo_node.cpython-310.pyc
/home/kan/lab/course/unitree_go2_ros2_jazzy1/install/yolo_ros/lib/python3.10/site-packages/yolo_ros/__pycache__/tracking_node.cpython-310.pyc
/home/kan/lab/course/unitree_go2_ros2_jazzy1/install/yolo_ros/lib/python3.10/site-packages/yolo_ros/__pycache__/__init__.cpython-310.pyc
/home/kan/lab/course/unitree_go2_ros2_jazzy1/install/yolo_ros/lib/python3.10/site-packages/yolo_ros/__pycache__/debug_node.cpython-310.pyc
/home/kan/lab/course/unitree_go2_ros2_jazzy1/install/yolo_ros/share/ament_index/resource_index/packages/yolo_ros
/home/kan/lab/course/unitree_go2_ros2_jazzy1/install/yolo_ros/share/yolo_ros/package.xml
/home/kan/lab/course/unitree_go2_ros2_jazzy1/install/yolo_ros/share/yolo_ros/pyproject.toml
/home/kan/lab/course/unitree_go2_ros2_jazzy1/install/yolo_ros/lib/python3.10/site-packages/yolo_ros-4.6.1-py3.10.egg-info/dependency_links.txt
/home/kan/lab/course/unitree_go2_ros2_jazzy1/install/yolo_ros/lib/python3.10/site-packages/yolo_ros-4.6.1-py3.10.egg-info/entry_points.txt
/home/kan/lab/course/unitree_go2_ros2_jazzy1/install/yolo_ros/lib/python3.10/site-packages/yolo_ros-4.6.1-py3.10.egg-info/requires.txt
/home/kan/lab/course/unitree_go2_ros2_jazzy1/install/yolo_ros/lib/python3.10/site-packages/yolo_ros-4.6.1-py3.10.egg-info/SOURCES.txt
/home/kan/lab/course/unitree_go2_ros2_jazzy1/install/yolo_ros/lib/python3.10/site-packages/yolo_ros-4.6.1-py3.10.egg-info/PKG-INFO
/home/kan/lab/course/unitree_go2_ros2_jazzy1/install/yolo_ros/lib/python3.10/site-packages/yolo_ros-4.6.1-py3.10.egg-info/top_level.txt
/home/kan/lab/course/unitree_go2_ros2_jazzy1/install/yolo_ros/lib/python3.10/site-packages/yolo_ros-4.6.1-py3.10.egg-info/zip-safe
/home/kan/lab/course/unitree_go2_ros2_jazzy1/install/yolo_ros/lib/yolo_ros/debug_node
/home/kan/lab/course/unitree_go2_ros2_jazzy1/install/yolo_ros/lib/yolo_ros/detect_3d_node
/home/kan/lab/course/unitree_go2_ros2_jazzy1/install/yolo_ros/lib/yolo_ros/tracking_node
/home/kan/lab/course/unitree_go2_ros2_jazzy1/install/yolo_ros/lib/yolo_ros/yolo_node
