[0.586s] Invoking command in '/home/kan/lab/course/src/go2_mcp_server': AMENT_PREFIX_PATH=/home/kan/lab/course/install/go2_semantic_map:${AMENT_PREFIX_PATH} PYTHONPATH=/home/kan/lab/course/build/go2_mcp_server/prefix_override:/usr/lib/python3/dist-packages/colcon_core/task/python/colcon_distutils_commands:/home/kan/lab/course/install/go2_mcp_server/lib/python3.10/site-packages:/home/kan/lab/course/install/go2_semantic_map/lib/python3.10/site-packages:${PYTHONPATH} /usr/bin/python3 -W ignore:setup.py install is deprecated -W ignore:easy_install command is deprecated setup.py egg_info --egg-base ../../build/go2_mcp_server build --build-base /home/kan/lab/course/build/go2_mcp_server/build install --record /home/kan/lab/course/build/go2_mcp_server/install.log --single-version-externally-managed install_data
[0.720s] /home/kan/.local/lib/python3.10/site-packages/setuptools/_distutils/dist.py:287: UserWarning: Unknown distribution option: 'tests_require'
[0.720s]   warnings.warn(msg)
[0.825s] running egg_info
[0.842s] creating ../../build/go2_mcp_server/go2_mcp_server.egg-info
[0.842s] writing ../../build/go2_mcp_server/go2_mcp_server.egg-info/PKG-INFO
[0.842s] writing dependency_links to ../../build/go2_mcp_server/go2_mcp_server.egg-info/dependency_links.txt
[0.843s] writing entry points to ../../build/go2_mcp_server/go2_mcp_server.egg-info/entry_points.txt
[0.843s] writing requirements to ../../build/go2_mcp_server/go2_mcp_server.egg-info/requires.txt
[0.843s] writing top-level names to ../../build/go2_mcp_server/go2_mcp_server.egg-info/top_level.txt
[0.843s] writing manifest file '../../build/go2_mcp_server/go2_mcp_server.egg-info/SOURCES.txt'
[0.878s] reading manifest file '../../build/go2_mcp_server/go2_mcp_server.egg-info/SOURCES.txt'
[0.879s] writing manifest file '../../build/go2_mcp_server/go2_mcp_server.egg-info/SOURCES.txt'
[0.879s] running build
[0.879s] running build_py
[0.880s] creating /home/kan/lab/course/build/go2_mcp_server/build/lib/go2_mcp_server
[0.880s] copying go2_mcp_server/map_view.py -> /home/kan/lab/course/build/go2_mcp_server/build/lib/go2_mcp_server
[0.880s] copying go2_mcp_server/server.py -> /home/kan/lab/course/build/go2_mcp_server/build/lib/go2_mcp_server
[0.880s] copying go2_mcp_server/nav2_client.py -> /home/kan/lab/course/build/go2_mcp_server/build/lib/go2_mcp_server
[0.880s] copying go2_mcp_server/__init__.py -> /home/kan/lab/course/build/go2_mcp_server/build/lib/go2_mcp_server
[0.880s] copying go2_mcp_server/detection_store.py -> /home/kan/lab/course/build/go2_mcp_server/build/lib/go2_mcp_server
[0.880s] running install
[0.884s] running install_lib
[0.902s] creating /home/kan/lab/course/install/go2_mcp_server/lib/python3.10/site-packages/go2_mcp_server
[0.902s] copying /home/kan/lab/course/build/go2_mcp_server/build/lib/go2_mcp_server/map_view.py -> /home/kan/lab/course/install/go2_mcp_server/lib/python3.10/site-packages/go2_mcp_server
[0.902s] copying /home/kan/lab/course/build/go2_mcp_server/build/lib/go2_mcp_server/server.py -> /home/kan/lab/course/install/go2_mcp_server/lib/python3.10/site-packages/go2_mcp_server
[0.902s] copying /home/kan/lab/course/build/go2_mcp_server/build/lib/go2_mcp_server/nav2_client.py -> /home/kan/lab/course/install/go2_mcp_server/lib/python3.10/site-packages/go2_mcp_server
[0.902s] copying /home/kan/lab/course/build/go2_mcp_server/build/lib/go2_mcp_server/__init__.py -> /home/kan/lab/course/install/go2_mcp_server/lib/python3.10/site-packages/go2_mcp_server
[0.902s] copying /home/kan/lab/course/build/go2_mcp_server/build/lib/go2_mcp_server/detection_store.py -> /home/kan/lab/course/install/go2_mcp_server/lib/python3.10/site-packages/go2_mcp_server
[0.902s] byte-compiling /home/kan/lab/course/install/go2_mcp_server/lib/python3.10/site-packages/go2_mcp_server/map_view.py to map_view.cpython-310.pyc
[0.903s] byte-compiling /home/kan/lab/course/install/go2_mcp_server/lib/python3.10/site-packages/go2_mcp_server/server.py to server.cpython-310.pyc
[0.904s] byte-compiling /home/kan/lab/course/install/go2_mcp_server/lib/python3.10/site-packages/go2_mcp_server/nav2_client.py to nav2_client.cpython-310.pyc
[0.905s] byte-compiling /home/kan/lab/course/install/go2_mcp_server/lib/python3.10/site-packages/go2_mcp_server/__init__.py to __init__.cpython-310.pyc
[0.905s] byte-compiling /home/kan/lab/course/install/go2_mcp_server/lib/python3.10/site-packages/go2_mcp_server/detection_store.py to detection_store.cpython-310.pyc
[0.906s] running install_data
[0.906s] creating /home/kan/lab/course/install/go2_mcp_server/share/ament_index/resource_index/packages
[0.906s] copying resource/go2_mcp_server -> /home/kan/lab/course/install/go2_mcp_server/share/ament_index/resource_index/packages
[0.906s] copying package.xml -> /home/kan/lab/course/install/go2_mcp_server/share/go2_mcp_server
[0.906s] running install_egg_info
[0.924s] Copying ../../build/go2_mcp_server/go2_mcp_server.egg-info to /home/kan/lab/course/install/go2_mcp_server/lib/python3.10/site-packages/go2_mcp_server-0.1.0-py3.10.egg-info
[0.925s] running install_scripts
[0.961s] Installing go2_mcp_server script to /home/kan/lab/course/install/go2_mcp_server/lib/go2_mcp_server
[0.962s] writing list of installed files to '/home/kan/lab/course/build/go2_mcp_server/install.log'
[0.980s] Invoked command in '/home/kan/lab/course/src/go2_mcp_server' returned '0': AMENT_PREFIX_PATH=/home/kan/lab/course/install/go2_semantic_map:${AMENT_PREFIX_PATH} PYTHONPATH=/home/kan/lab/course/build/go2_mcp_server/prefix_override:/usr/lib/python3/dist-packages/colcon_core/task/python/colcon_distutils_commands:/home/kan/lab/course/install/go2_mcp_server/lib/python3.10/site-packages:/home/kan/lab/course/install/go2_semantic_map/lib/python3.10/site-packages:${PYTHONPATH} /usr/bin/python3 -W ignore:setup.py install is deprecated -W ignore:easy_install command is deprecated setup.py egg_info --egg-base ../../build/go2_mcp_server build --build-base /home/kan/lab/course/build/go2_mcp_server/build install --record /home/kan/lab/course/build/go2_mcp_server/install.log --single-version-externally-managed install_data
