/home/kan/.local/lib/python3.10/site-packages/setuptools/_distutils/dist.py:287: UserWarning: Unknown distribution option: 'tests_require'
  warnings.warn(msg)
running egg_info
creating ../../build/go2_llm_nav/go2_llm_nav.egg-info
writing ../../build/go2_llm_nav/go2_llm_nav.egg-info/PKG-INFO
writing dependency_links to ../../build/go2_llm_nav/go2_llm_nav.egg-info/dependency_links.txt
writing entry points to ../../build/go2_llm_nav/go2_llm_nav.egg-info/entry_points.txt
writing requirements to ../../build/go2_llm_nav/go2_llm_nav.egg-info/requires.txt
writing top-level names to ../../build/go2_llm_nav/go2_llm_nav.egg-info/top_level.txt
writing manifest file '../../build/go2_llm_nav/go2_llm_nav.egg-info/SOURCES.txt'
reading manifest file '../../build/go2_llm_nav/go2_llm_nav.egg-info/SOURCES.txt'
writing manifest file '../../build/go2_llm_nav/go2_llm_nav.egg-info/SOURCES.txt'
running build
running build_py
creating /home/kan/lab/course/build/go2_llm_nav/build/lib/go2_llm_nav
copying go2_llm_nav/__init__.py -> /home/kan/lab/course/build/go2_llm_nav/build/lib/go2_llm_nav
copying go2_llm_nav/web_ui.py -> /home/kan/lab/course/build/go2_llm_nav/build/lib/go2_llm_nav
copying go2_llm_nav/agent.py -> /home/kan/lab/course/build/go2_llm_nav/build/lib/go2_llm_nav
copying go2_llm_nav/desktop_ui.py -> /home/kan/lab/course/build/go2_llm_nav/build/lib/go2_llm_nav
running install
running install_lib
creating /home/kan/lab/course/install/go2_llm_nav/lib/python3.10/site-packages/go2_llm_nav
copying /home/kan/lab/course/build/go2_llm_nav/build/lib/go2_llm_nav/__init__.py -> /home/kan/lab/course/install/go2_llm_nav/lib/python3.10/site-packages/go2_llm_nav
copying /home/kan/lab/course/build/go2_llm_nav/build/lib/go2_llm_nav/web_ui.py -> /home/kan/lab/course/install/go2_llm_nav/lib/python3.10/site-packages/go2_llm_nav
copying /home/kan/lab/course/build/go2_llm_nav/build/lib/go2_llm_nav/agent.py -> /home/kan/lab/course/install/go2_llm_nav/lib/python3.10/site-packages/go2_llm_nav
copying /home/kan/lab/course/build/go2_llm_nav/build/lib/go2_llm_nav/desktop_ui.py -> /home/kan/lab/course/install/go2_llm_nav/lib/python3.10/site-packages/go2_llm_nav
byte-compiling /home/kan/lab/course/install/go2_llm_nav/lib/python3.10/site-packages/go2_llm_nav/__init__.py to __init__.cpython-310.pyc
byte-compiling /home/kan/lab/course/install/go2_llm_nav/lib/python3.10/site-packages/go2_llm_nav/web_ui.py to web_ui.cpython-310.pyc
byte-compiling /home/kan/lab/course/install/go2_llm_nav/lib/python3.10/site-packages/go2_llm_nav/agent.py to agent.cpython-310.pyc
byte-compiling /home/kan/lab/course/install/go2_llm_nav/lib/python3.10/site-packages/go2_llm_nav/desktop_ui.py to desktop_ui.cpython-310.pyc
running install_data
creating /home/kan/lab/course/install/go2_llm_nav/share/ament_index/resource_index/packages
copying resource/go2_llm_nav -> /home/kan/lab/course/install/go2_llm_nav/share/ament_index/resource_index/packages
copying package.xml -> /home/kan/lab/course/install/go2_llm_nav/share/go2_llm_nav
running install_egg_info
Copying ../../build/go2_llm_nav/go2_llm_nav.egg-info to /home/kan/lab/course/install/go2_llm_nav/lib/python3.10/site-packages/go2_llm_nav-0.1.0-py3.10.egg-info
running install_scripts
Installing go2_llm_nav script to /home/kan/lab/course/install/go2_llm_nav/lib/go2_llm_nav
Installing go2_llm_nav_gui script to /home/kan/lab/course/install/go2_llm_nav/lib/go2_llm_nav
Installing go2_llm_nav_web script to /home/kan/lab/course/install/go2_llm_nav/lib/go2_llm_nav
writing list of installed files to '/home/kan/lab/course/build/go2_llm_nav/install.log'
