[0.612s] Invoking command in '/home/kan/lab/course/src/go2_llm_nav': AMENT_PREFIX_PATH=/home/kan/lab/course/install/go2_mcp_server:/home/kan/lab/course/install/go2_semantic_map:${AMENT_PREFIX_PATH} PYTHONPATH=/home/kan/lab/course/build/go2_llm_nav/prefix_override:/usr/lib/python3/dist-packages/colcon_core/task/python/colcon_distutils_commands:/home/kan/lab/course/install/go2_llm_nav/lib/python3.10/site-packages:/home/kan/lab/course/install/go2_mcp_server/lib/python3.10/site-packages:/home/kan/lab/course/install/go2_semantic_map/lib/python3.10/site-packages:${PYTHONPATH} /usr/bin/python3 -W ignore:setup.py install is deprecated -W ignore:easy_install command is deprecated setup.py egg_info --egg-base ../../build/go2_llm_nav build --build-base /home/kan/lab/course/build/go2_llm_nav/build install --record /home/kan/lab/course/build/go2_llm_nav/install.log --single-version-externally-managed install_data
[0.748s] /home/kan/.local/lib/python3.10/site-packages/setuptools/_distutils/dist.py:287: UserWarning: Unknown distribution option: 'tests_require'
[0.748s]   warnings.warn(msg)
[0.854s] running egg_info
[0.871s] creating ../../build/go2_llm_nav/go2_llm_nav.egg-info
[0.871s] writing ../../build/go2_llm_nav/go2_llm_nav.egg-info/PKG-INFO
[0.872s] writing dependency_links to ../../build/go2_llm_nav/go2_llm_nav.egg-info/dependency_links.txt
[0.872s] writing entry points to ../../build/go2_llm_nav/go2_llm_nav.egg-info/entry_points.txt
[0.872s] writing requirements to ../../build/go2_llm_nav/go2_llm_nav.egg-info/requires.txt
[0.872s] writing top-level names to ../../build/go2_llm_nav/go2_llm_nav.egg-info/top_level.txt
[0.872s] writing manifest file '../../build/go2_llm_nav/go2_llm_nav.egg-info/SOURCES.txt'
[0.908s] reading manifest file '../../build/go2_llm_nav/go2_llm_nav.egg-info/SOURCES.txt'
[0.909s] writing manifest file '../../build/go2_llm_nav/go2_llm_nav.egg-info/SOURCES.txt'
[0.909s] running build
[0.909s] running build_py
[0.909s] creating /home/kan/lab/course/build/go2_llm_nav/build/lib/go2_llm_nav
[0.909s] copying go2_llm_nav/__init__.py -> /home/kan/lab/course/build/go2_llm_nav/build/lib/go2_llm_nav
[0.909s] copying go2_llm_nav/web_ui.py -> /home/kan/lab/course/build/go2_llm_nav/build/lib/go2_llm_nav
[0.909s] copying go2_llm_nav/agent.py -> /home/kan/lab/course/build/go2_llm_nav/build/lib/go2_llm_nav
[0.910s] copying go2_llm_nav/desktop_ui.py -> /home/kan/lab/course/build/go2_llm_nav/build/lib/go2_llm_nav
[0.910s] running install
[0.913s] running install_lib
[0.932s] creating /home/kan/lab/course/install/go2_llm_nav/lib/python3.10/site-packages/go2_llm_nav
[0.932s] copying /home/kan/lab/course/build/go2_llm_nav/build/lib/go2_llm_nav/__init__.py -> /home/kan/lab/course/install/go2_llm_nav/lib/python3.10/site-packages/go2_llm_nav
[0.932s] copying /home/kan/lab/course/build/go2_llm_nav/build/lib/go2_llm_nav/web_ui.py -> /home/kan/lab/course/install/go2_llm_nav/lib/python3.10/site-packages/go2_llm_nav
[0.932s] copying /home/kan/lab/course/build/go2_llm_nav/build/lib/go2_llm_nav/agent.py -> /home/kan/lab/course/install/go2_llm_nav/lib/python3.10/site-packages/go2_llm_nav
[0.932s] copying /home/kan/lab/course/build/go2_llm_nav/build/lib/go2_llm_nav/desktop_ui.py -> /home/kan/lab/course/install/go2_llm_nav/lib/python3.10/site-packages/go2_llm_nav
[0.932s] byte-compiling /home/kan/lab/course/install/go2_llm_nav/lib/python3.10/site-packages/go2_llm_nav/__init__.py to __init__.cpython-310.pyc
[0.932s] byte-compiling /home/kan/lab/course/install/go2_llm_nav/lib/python3.10/site-packages/go2_llm_nav/web_ui.py to web_ui.cpython-310.pyc
[0.933s] byte-compiling /home/kan/lab/course/install/go2_llm_nav/lib/python3.10/site-packages/go2_llm_nav/agent.py to agent.cpython-310.pyc
[0.934s] byte-compiling /home/kan/lab/course/install/go2_llm_nav/lib/python3.10/site-packages/go2_llm_nav/desktop_ui.py to desktop_ui.cpython-310.pyc
[0.935s] running install_data
[0.935s] creating /home/kan/lab/course/install/go2_llm_nav/share/ament_index/resource_index/packages
[0.935s] copying resource/go2_llm_nav -> /home/kan/lab/course/install/go2_llm_nav/share/ament_index/resource_index/packages
[0.935s] copying package.xml -> /home/kan/lab/course/install/go2_llm_nav/share/go2_llm_nav
[0.935s] running install_egg_info
[0.954s] Copying ../../build/go2_llm_nav/go2_llm_nav.egg-info to /home/kan/lab/course/install/go2_llm_nav/lib/python3.10/site-packages/go2_llm_nav-0.1.0-py3.10.egg-info
[0.955s] running install_scripts
[0.992s] Installing go2_llm_nav script to /home/kan/lab/course/install/go2_llm_nav/lib/go2_llm_nav
[0.992s] Installing go2_llm_nav_gui script to /home/kan/lab/course/install/go2_llm_nav/lib/go2_llm_nav
[0.992s] Installing go2_llm_nav_web script to /home/kan/lab/course/install/go2_llm_nav/lib/go2_llm_nav
[0.992s] writing list of installed files to '/home/kan/lab/course/build/go2_llm_nav/install.log'
[1.010s] Invoked command in '/home/kan/lab/course/src/go2_llm_nav' returned '0': AMENT_PREFIX_PATH=/home/kan/lab/course/install/go2_mcp_server:/home/kan/lab/course/install/go2_semantic_map:${AMENT_PREFIX_PATH} PYTHONPATH=/home/kan/lab/course/build/go2_llm_nav/prefix_override:/usr/lib/python3/dist-packages/colcon_core/task/python/colcon_distutils_commands:/home/kan/lab/course/install/go2_llm_nav/lib/python3.10/site-packages:/home/kan/lab/course/install/go2_mcp_server/lib/python3.10/site-packages:/home/kan/lab/course/install/go2_semantic_map/lib/python3.10/site-packages:${PYTHONPATH} /usr/bin/python3 -W ignore:setup.py install is deprecated -W ignore:easy_install command is deprecated setup.py egg_info --egg-base ../../build/go2_llm_nav build --build-base /home/kan/lab/course/build/go2_llm_nav/build install --record /home/kan/lab/course/build/go2_llm_nav/install.log --single-version-externally-managed install_data
