[0.009s] Invoking command in '/home/kan/lab/course/unitree_go2_ros2_jazzy1/build/unitree_go2_sim': CMAKE_PREFIX_PATH=/opt/ros/humble /usr/bin/cmake /home/kan/lab/course/unitree_go2_ros2_jazzy1/unitree_go2_ros2_jazzy/unitree_go2_sim -DCMAKE_INSTALL_PREFIX=/home/kan/lab/course/unitree_go2_ros2_jazzy1/install/unitree_go2_sim
[0.053s] -- The C compiler identification is GNU 11.4.0
[0.106s] -- The CXX compiler identification is GNU 11.4.0
[0.114s] -- Detecting C compiler ABI info
[0.162s] -- Detecting C compiler ABI info - done
[0.173s] -- Check for working C compiler: /usr/lib/ccache/cc - skipped
[0.173s] -- Detecting C compile features
[0.174s] -- Detecting C compile features - done
[0.177s] -- Detecting CXX compiler ABI info
[0.238s] -- Detecting CXX compiler ABI info - done
[0.244s] -- Check for working CXX compiler: /usr/lib/ccache/c++ - skipped
[0.244s] -- Detecting CXX compile features
[0.244s] -- Detecting CXX compile features - done
[0.246s] -- Found ament_cmake: 1.3.12 (/opt/ros/humble/share/ament_cmake/cmake)
[0.595s] -- Found Python3: /usr/bin/python3 (found version "3.10.12") found components: Interpreter 
[0.735s] -- Configuring done
[0.736s] -- Generating done
[0.738s] -- Build files have been written to: /home/kan/lab/course/unitree_go2_ros2_jazzy1/build/unitree_go2_sim
[0.741s] Invoked command in '/home/kan/lab/course/unitree_go2_ros2_jazzy1/build/unitree_go2_sim' returned '0': CMAKE_PREFIX_PATH=/opt/ros/humble /usr/bin/cmake /home/kan/lab/course/unitree_go2_ros2_jazzy1/unitree_go2_ros2_jazzy/unitree_go2_sim -DCMAKE_INSTALL_PREFIX=/home/kan/lab/course/unitree_go2_ros2_jazzy1/install/unitree_go2_sim
[0.743s] Invoking command in '/home/kan/lab/course/unitree_go2_ros2_jazzy1/build/unitree_go2_sim': CMAKE_PREFIX_PATH=/opt/ros/humble /usr/bin/cmake --build /home/kan/lab/course/unitree_go2_ros2_jazzy1/build/unitree_go2_sim -- -j8 -l8
[0.771s] Invoked command in '/home/kan/lab/course/unitree_go2_ros2_jazzy1/build/unitree_go2_sim' returned '0': CMAKE_PREFIX_PATH=/opt/ros/humble /usr/bin/cmake --build /home/kan/lab/course/unitree_go2_ros2_jazzy1/build/unitree_go2_sim -- -j8 -l8
[0.778s] Invoking command in '/home/kan/lab/course/unitree_go2_ros2_jazzy1/build/unitree_go2_sim': CMAKE_PREFIX_PATH=/opt/ros/humble /usr/bin/cmake --install /home/kan/lab/course/unitree_go2_ros2_jazzy1/build/unitree_go2_sim
[0.785s] -- Install configuration: ""
[0.785s] -- Installing: /home/kan/lab/course/unitree_go2_ros2_jazzy1/install/unitree_go2_sim/share/unitree_go2_sim/launch
[0.785s] -- Installing: /home/kan/lab/course/unitree_go2_ros2_jazzy1/install/unitree_go2_sim/share/unitree_go2_sim/launch/unitree_go2_launch.py
[0.785s] -- Installing: /home/kan/lab/course/unitree_go2_ros2_jazzy1/install/unitree_go2_sim/share/unitree_go2_sim/launch/unitree_go2_launch_TI.py
[0.785s] -- Installing: /home/kan/lab/course/unitree_go2_ros2_jazzy1/install/unitree_go2_sim/share/unitree_go2_sim/launch/unitree_go2_nav_bringup.launch.py
[0.785s] -- Installing: /home/kan/lab/course/unitree_go2_ros2_jazzy1/install/unitree_go2_sim/share/unitree_go2_sim/config
[0.786s] -- Installing: /home/kan/lab/course/unitree_go2_ros2_jazzy1/install/unitree_go2_sim/share/unitree_go2_sim/config/ros_control
[0.786s] -- Installing: /home/kan/lab/course/unitree_go2_ros2_jazzy1/install/unitree_go2_sim/share/unitree_go2_sim/config/ros_control/ros_control.yaml
[0.786s] -- Installing: /home/kan/lab/course/unitree_go2_ros2_jazzy1/install/unitree_go2_sim/share/unitree_go2_sim/config/gait
[0.786s] -- Installing: /home/kan/lab/course/unitree_go2_ros2_jazzy1/install/unitree_go2_sim/share/unitree_go2_sim/config/gait/gait.yaml
[0.786s] -- Installing: /home/kan/lab/course/unitree_go2_ros2_jazzy1/install/unitree_go2_sim/share/unitree_go2_sim/config/links
[0.786s] -- Installing: /home/kan/lab/course/unitree_go2_ros2_jazzy1/install/unitree_go2_sim/share/unitree_go2_sim/config/links/links.yaml
[0.786s] -- Installing: /home/kan/lab/course/unitree_go2_ros2_jazzy1/install/unitree_go2_sim/share/unitree_go2_sim/config/joints
[0.786s] -- Installing: /home/kan/lab/course/unitree_go2_ros2_jazzy1/install/unitree_go2_sim/share/unitree_go2_sim/config/joints/joints.yaml
[0.786s] -- Installing: /home/kan/lab/course/unitree_go2_ros2_jazzy1/install/unitree_go2_sim/share/unitree_go2_sim/rviz
[0.786s] -- Installing: /home/kan/lab/course/unitree_go2_ros2_jazzy1/install/unitree_go2_sim/share/unitree_go2_sim/rviz/rviz.rviz
[0.787s] -- Installing: /home/kan/lab/course/unitree_go2_ros2_jazzy1/install/unitree_go2_sim/lib/unitree_go2_sim/auto_stand.py
[0.787s] -- Installing: /home/kan/lab/course/unitree_go2_ros2_jazzy1/install/unitree_go2_sim/share/ament_index/resource_index/package_run_dependencies/unitree_go2_sim
[0.787s] -- Installing: /home/kan/lab/course/unitree_go2_ros2_jazzy1/install/unitree_go2_sim/share/ament_index/resource_index/parent_prefix_path/unitree_go2_sim
[0.787s] -- Installing: /home/kan/lab/course/unitree_go2_ros2_jazzy1/install/unitree_go2_sim/share/unitree_go2_sim/environment/ament_prefix_path.sh
[0.787s] -- Installing: /home/kan/lab/course/unitree_go2_ros2_jazzy1/install/unitree_go2_sim/share/unitree_go2_sim/environment/ament_prefix_path.dsv
[0.787s] -- Installing: /home/kan/lab/course/unitree_go2_ros2_jazzy1/install/unitree_go2_sim/share/unitree_go2_sim/environment/path.sh
[0.787s] -- Installing: /home/kan/lab/course/unitree_go2_ros2_jazzy1/install/unitree_go2_sim/share/unitree_go2_sim/environment/path.dsv
[0.787s] -- Installing: /home/kan/lab/course/unitree_go2_ros2_jazzy1/install/unitree_go2_sim/share/unitree_go2_sim/local_setup.bash
[0.787s] -- Installing: /home/kan/lab/course/unitree_go2_ros2_jazzy1/install/unitree_go2_sim/share/unitree_go2_sim/local_setup.sh
[0.787s] -- Installing: /home/kan/lab/course/unitree_go2_ros2_jazzy1/install/unitree_go2_sim/share/unitree_go2_sim/local_setup.zsh
[0.788s] -- Installing: /home/kan/lab/course/unitree_go2_ros2_jazzy1/install/unitree_go2_sim/share/unitree_go2_sim/local_setup.dsv
[0.788s] -- Installing: /home/kan/lab/course/unitree_go2_ros2_jazzy1/install/unitree_go2_sim/share/unitree_go2_sim/package.dsv
[0.788s] -- Installing: /home/kan/lab/course/unitree_go2_ros2_jazzy1/install/unitree_go2_sim/share/ament_index/resource_index/packages/unitree_go2_sim
[0.788s] -- Installing: /home/kan/lab/course/unitree_go2_ros2_jazzy1/install/unitree_go2_sim/share/unitree_go2_sim/cmake/unitree_go2_simConfig.cmake
[0.788s] -- Installing: /home/kan/lab/course/unitree_go2_ros2_jazzy1/install/unitree_go2_sim/share/unitree_go2_sim/cmake/unitree_go2_simConfig-version.cmake
[0.788s] -- Installing: /home/kan/lab/course/unitree_go2_ros2_jazzy1/install/unitree_go2_sim/share/unitree_go2_sim/package.xml
[0.790s] Invoked command in '/home/kan/lab/course/unitree_go2_ros2_jazzy1/build/unitree_go2_sim' returned '0': CMAKE_PREFIX_PATH=/opt/ros/humble /usr/bin/cmake --install /home/kan/lab/course/unitree_go2_ros2_jazzy1/build/unitree_go2_sim
