[0.091s] DEBUG:colcon:Command line arguments: ['/usr/bin/colcon', 'build', '--base-paths', 'src']
[0.091s] DEBUG:colcon:Parsed command line arguments: Namespace(log_base=None, log_level=None, verb_name='build', build_base='build', install_base='install', merge_install=False, symlink_install=False, test_result_base=None, continue_on_error=False, executor='parallel', parallel_workers=8, event_handlers=None, ignore_user_meta=False, metas=['./colcon.meta'], base_paths=['src'], packages_ignore=None, packages_ignore_regex=None, paths=None, packages_up_to=None, packages_up_to_regex=None, packages_above=None, packages_above_and_dependencies=None, packages_above_depth=None, packages_select_by_dep=None, packages_skip_by_dep=None, packages_skip_up_to=None, packages_select_build_failed=False, packages_skip_build_finished=False, packages_select_test_failures=False, packages_skip_test_passed=False, packages_select=None, packages_skip=None, packages_select_regex=None, packages_skip_regex=None, packages_start=None, packages_end=None, allow_overriding=[], cmake_args=None, cmake_target=None, cmake_target_skip_unavailable=False, cmake_clean_cache=False, cmake_clean_first=False, cmake_force_configure=False, ament_cmake_args=None, catkin_cmake_args=None, catkin_skip_building_tests=False, verb_parser=<colcon_defaults.argument_parser.defaults.DefaultArgumentsDecorator object at 0x7a67d1a7bbe0>, verb_extension=<colcon_core.verb.build.BuildVerb object at 0x7a67d1ba9690>, main=<bound method BuildVerb.main of <colcon_core.verb.build.BuildVerb object at 0x7a67d1ba9690>>)
[0.124s] Level 1:colcon.colcon_core.package_discovery:discover_packages(colcon_meta) check parameters
[0.125s] Level 1:colcon.colcon_core.package_discovery:discover_packages(recursive) check parameters
[0.125s] Level 1:colcon.colcon_core.package_discovery:discover_packages(ignore) check parameters
[0.125s] Level 1:colcon.colcon_core.package_discovery:discover_packages(path) check parameters
[0.125s] Level 1:colcon.colcon_core.package_discovery:discover_packages(recursive) discover
[0.125s] INFO:colcon.colcon_core.package_discovery:Crawling recursively for packages in '/home/kan/lab/course/src'
[0.125s] Level 1:colcon.colcon_core.package_identification:_identify(src) by extensions ['ignore', 'ignore_ament_install']
[0.125s] Level 1:colcon.colcon_core.package_identification:_identify(src) by extension 'ignore'
[0.125s] Level 1:colcon.colcon_core.package_identification:_identify(src) by extension 'ignore_ament_install'
[0.125s] Level 1:colcon.colcon_core.package_identification:_identify(src) by extensions ['colcon_pkg']
[0.125s] Level 1:colcon.colcon_core.package_identification:_identify(src) by extension 'colcon_pkg'
[0.125s] Level 1:colcon.colcon_core.package_identification:_identify(src) by extensions ['colcon_meta']
[0.125s] Level 1:colcon.colcon_core.package_identification:_identify(src) by extension 'colcon_meta'
[0.125s] Level 1:colcon.colcon_core.package_identification:_identify(src) by extensions ['ros']
[0.125s] Level 1:colcon.colcon_core.package_identification:_identify(src) by extension 'ros'
[0.137s] Level 1:colcon.colcon_core.package_identification:_identify(src) by extensions ['cmake', 'python']
[0.137s] Level 1:colcon.colcon_core.package_identification:_identify(src) by extension 'cmake'
[0.137s] Level 1:colcon.colcon_core.package_identification:_identify(src) by extension 'python'
[0.137s] Level 1:colcon.colcon_core.package_identification:_identify(src) by extensions ['python_setup_py']
[0.137s] Level 1:colcon.colcon_core.package_identification:_identify(src) by extension 'python_setup_py'
[0.137s] Level 1:colcon.colcon_core.package_identification:_identify(src/go2_llm_nav) by extensions ['ignore', 'ignore_ament_install']
[0.137s] Level 1:colcon.colcon_core.package_identification:_identify(src/go2_llm_nav) by extension 'ignore'
[0.137s] Level 1:colcon.colcon_core.package_identification:_identify(src/go2_llm_nav) by extension 'ignore_ament_install'
[0.137s] Level 1:colcon.colcon_core.package_identification:_identify(src/go2_llm_nav) by extensions ['colcon_pkg']
[0.137s] Level 1:colcon.colcon_core.package_identification:_identify(src/go2_llm_nav) by extension 'colcon_pkg'
[0.137s] Level 1:colcon.colcon_core.package_identification:_identify(src/go2_llm_nav) by extensions ['colcon_meta']
[0.138s] Level 1:colcon.colcon_core.package_identification:_identify(src/go2_llm_nav) by extension 'colcon_meta'
[0.138s] Level 1:colcon.colcon_core.package_identification:_identify(src/go2_llm_nav) by extensions ['ros']
[0.138s] Level 1:colcon.colcon_core.package_identification:_identify(src/go2_llm_nav) by extension 'ros'
[0.140s] DEBUG:colcon.colcon_core.package_identification:Package 'src/go2_llm_nav' with type 'ros.ament_python' and name 'go2_llm_nav'
[0.140s] Level 1:colcon.colcon_core.package_identification:_identify(src/go2_mcp_server) by extensions ['ignore', 'ignore_ament_install']
[0.140s] Level 1:colcon.colcon_core.package_identification:_identify(src/go2_mcp_server) by extension 'ignore'
[0.140s] Level 1:colcon.colcon_core.package_identification:_identify(src/go2_mcp_server) by extension 'ignore_ament_install'
[0.140s] Level 1:colcon.colcon_core.package_identification:_identify(src/go2_mcp_server) by extensions ['colcon_pkg']
[0.140s] Level 1:colcon.colcon_core.package_identification:_identify(src/go2_mcp_server) by extension 'colcon_pkg'
[0.140s] Level 1:colcon.colcon_core.package_identification:_identify(src/go2_mcp_server) by extensions ['colcon_meta']
[0.140s] Level 1:colcon.colcon_core.package_identification:_identify(src/go2_mcp_server) by extension 'colcon_meta'
[0.140s] Level 1:colcon.colcon_core.package_identification:_identify(src/go2_mcp_server) by extensions ['ros']
[0.140s] Level 1:colcon.colcon_core.package_identification:_identify(src/go2_mcp_server) by extension 'ros'
[0.141s] DEBUG:colcon.colcon_core.package_identification:Package 'src/go2_mcp_server' with type 'ros.ament_python' and name 'go2_mcp_server'
[0.141s] Level 1:colcon.colcon_core.package_identification:_identify(src/go2_navigation) by extensions ['ignore', 'ignore_ament_install']
[0.141s] Level 1:colcon.colcon_core.package_identification:_identify(src/go2_navigation) by extension 'ignore'
[0.141s] Level 1:colcon.colcon_core.package_identification:_identify(src/go2_navigation) by extension 'ignore_ament_install'
[0.141s] Level 1:colcon.colcon_core.package_identification:_identify(src/go2_navigation) by extensions ['colcon_pkg']
[0.141s] Level 1:colcon.colcon_core.package_identification:_identify(src/go2_navigation) by extension 'colcon_pkg'
[0.141s] Level 1:colcon.colcon_core.package_identification:_identify(src/go2_navigation) by extensions ['colcon_meta']
[0.141s] Level 1:colcon.colcon_core.package_identification:_identify(src/go2_navigation) by extension 'colcon_meta'
[0.141s] Level 1:colcon.colcon_core.package_identification:_identify(src/go2_navigation) by extensions ['ros']
[0.141s] Level 1:colcon.colcon_core.package_identification:_identify(src/go2_navigation) by extension 'ros'
[0.141s] DEBUG:colcon.colcon_core.package_identification:Package 'src/go2_navigation' with type 'ros.ament_cmake' and name 'go2_navigation'
[0.142s] Level 1:colcon.colcon_core.package_identification:_identify(src/go2_semantic_map) by extensions ['ignore', 'ignore_ament_install']
[0.142s] Level 1:colcon.colcon_core.package_identification:_identify(src/go2_semantic_map) by extension 'ignore'
[0.142s] Level 1:colcon.colcon_core.package_identification:_identify(src/go2_semantic_map) by extension 'ignore_ament_install'
[0.142s] Level 1:colcon.colcon_core.package_identification:_identify(src/go2_semantic_map) by extensions ['colcon_pkg']
[0.142s] Level 1:colcon.colcon_core.package_identification:_identify(src/go2_semantic_map) by extension 'colcon_pkg'
[0.142s] Level 1:colcon.colcon_core.package_identification:_identify(src/go2_semantic_map) by extensions ['colcon_meta']
[0.142s] Level 1:colcon.colcon_core.package_identification:_identify(src/go2_semantic_map) by extension 'colcon_meta'
[0.142s] Level 1:colcon.colcon_core.package_identification:_identify(src/go2_semantic_map) by extensions ['ros']
[0.142s] Level 1:colcon.colcon_core.package_identification:_identify(src/go2_semantic_map) by extension 'ros'
[0.142s] DEBUG:colcon.colcon_core.package_identification:Package 'src/go2_semantic_map' with type 'ros.ament_python' and name 'go2_semantic_map'
[0.142s] Level 1:colcon.colcon_core.package_identification:_identify(src/go2_simulation) by extensions ['ignore', 'ignore_ament_install']
[0.142s] Level 1:colcon.colcon_core.package_identification:_identify(src/go2_simulation) by extension 'ignore'
[0.142s] Level 1:colcon.colcon_core.package_identification:_identify(src/go2_simulation) by extension 'ignore_ament_install'
[0.143s] Level 1:colcon.colcon_core.package_identification:_identify(src/go2_simulation) by extensions ['colcon_pkg']
[0.143s] Level 1:colcon.colcon_core.package_identification:_identify(src/go2_simulation) by extension 'colcon_pkg'
[0.143s] Level 1:colcon.colcon_core.package_identification:_identify(src/go2_simulation) by extensions ['colcon_meta']
[0.143s] Level 1:colcon.colcon_core.package_identification:_identify(src/go2_simulation) by extension 'colcon_meta'
[0.143s] Level 1:colcon.colcon_core.package_identification:_identify(src/go2_simulation) by extensions ['ros']
[0.143s] Level 1:colcon.colcon_core.package_identification:_identify(src/go2_simulation) by extension 'ros'
[0.143s] DEBUG:colcon.colcon_core.package_identification:Package 'src/go2_simulation' with type 'ros.ament_cmake' and name 'go2_simulation'
[0.143s] Level 1:colcon.colcon_core.package_discovery:discover_packages(recursive) using defaults
[0.161s] Level 1:colcon.colcon_core.package_discovery:discover_packages(prefix_path) check parameters
[0.161s] Level 1:colcon.colcon_core.package_discovery:discover_packages(prefix_path) discover
[0.163s] DEBUG:colcon.colcon_installed_package_information.package_discovery:Found 395 installed packages in /opt/ros/humble
[0.164s] Level 1:colcon.colcon_core.package_discovery:discover_packages(prefix_path) using defaults
[0.202s] Level 5:colcon.colcon_core.verb:set package 'go2_navigation' build argument 'cmake_args' from command line to 'None'
[0.202s] Level 5:colcon.colcon_core.verb:set package 'go2_navigation' build argument 'cmake_target' from command line to 'None'
[0.202s] Level 5:colcon.colcon_core.verb:set package 'go2_navigation' build argument 'cmake_target_skip_unavailable' from command line to 'False'
[0.202s] Level 5:colcon.colcon_core.verb:set package 'go2_navigation' build argument 'cmake_clean_cache' from command line to 'False'
[0.202s] Level 5:colcon.colcon_core.verb:set package 'go2_navigation' build argument 'cmake_clean_first' from command line to 'False'
[0.202s] Level 5:colcon.colcon_core.verb:set package 'go2_navigation' build argument 'cmake_force_configure' from command line to 'False'
[0.202s] Level 5:colcon.colcon_core.verb:set package 'go2_navigation' build argument 'ament_cmake_args' from command line to 'None'
[0.202s] Level 5:colcon.colcon_core.verb:set package 'go2_navigation' build argument 'catkin_cmake_args' from command line to 'None'
[0.202s] Level 5:colcon.colcon_core.verb:set package 'go2_navigation' build argument 'catkin_skip_building_tests' from command line to 'False'
[0.202s] DEBUG:colcon.colcon_core.verb:Building package 'go2_navigation' with the following arguments: {'ament_cmake_args': None, 'build_base': '/home/kan/lab/course/build/go2_navigation', 'catkin_cmake_args': None, 'catkin_skip_building_tests': False, 'cmake_args': None, 'cmake_clean_cache': False, 'cmake_clean_first': False, 'cmake_force_configure': False, 'cmake_target': None, 'cmake_target_skip_unavailable': False, 'install_base': '/home/kan/lab/course/install/go2_navigation', 'merge_install': False, 'path': '/home/kan/lab/course/src/go2_navigation', 'symlink_install': False, 'test_result_base': None}
[0.203s] Level 5:colcon.colcon_core.verb:set package 'go2_semantic_map' build argument 'cmake_args' from command line to 'None'
[0.203s] Level 5:colcon.colcon_core.verb:set package 'go2_semantic_map' build argument 'cmake_target' from command line to 'None'
[0.203s] Level 5:colcon.colcon_core.verb:set package 'go2_semantic_map' build argument 'cmake_target_skip_unavailable' from command line to 'False'
[0.203s] Level 5:colcon.colcon_core.verb:set package 'go2_semantic_map' build argument 'cmake_clean_cache' from command line to 'False'
[0.203s] Level 5:colcon.colcon_core.verb:set package 'go2_semantic_map' build argument 'cmake_clean_first' from command line to 'False'
[0.203s] Level 5:colcon.colcon_core.verb:set package 'go2_semantic_map' build argument 'cmake_force_configure' from command line to 'False'
[0.203s] Level 5:colcon.colcon_core.verb:set package 'go2_semantic_map' build argument 'ament_cmake_args' from command line to 'None'
[0.203s] Level 5:colcon.colcon_core.verb:set package 'go2_semantic_map' build argument 'catkin_cmake_args' from command line to 'None'
[0.203s] Level 5:colcon.colcon_core.verb:set package 'go2_semantic_map' build argument 'catkin_skip_building_tests' from command line to 'False'
[0.203s] DEBUG:colcon.colcon_core.verb:Building package 'go2_semantic_map' with the following arguments: {'ament_cmake_args': None, 'build_base': '/home/kan/lab/course/build/go2_semantic_map', 'catkin_cmake_args': None, 'catkin_skip_building_tests': False, 'cmake_args': None, 'cmake_clean_cache': False, 'cmake_clean_first': False, 'cmake_force_configure': False, 'cmake_target': None, 'cmake_target_skip_unavailable': False, 'install_base': '/home/kan/lab/course/install/go2_semantic_map', 'merge_install': False, 'path': '/home/kan/lab/course/src/go2_semantic_map', 'symlink_install': False, 'test_result_base': None}
[0.203s] Level 5:colcon.colcon_core.verb:set package 'go2_simulation' build argument 'cmake_args' from command line to 'None'
[0.203s] Level 5:colcon.colcon_core.verb:set package 'go2_simulation' build argument 'cmake_target' from command line to 'None'
[0.203s] Level 5:colcon.colcon_core.verb:set package 'go2_simulation' build argument 'cmake_target_skip_unavailable' from command line to 'False'
[0.203s] Level 5:colcon.colcon_core.verb:set package 'go2_simulation' build argument 'cmake_clean_cache' from command line to 'False'
[0.203s] Level 5:colcon.colcon_core.verb:set package 'go2_simulation' build argument 'cmake_clean_first' from command line to 'False'
[0.203s] Level 5:colcon.colcon_core.verb:set package 'go2_simulation' build argument 'cmake_force_configure' from command line to 'False'
[0.203s] Level 5:colcon.colcon_core.verb:set package 'go2_simulation' build argument 'ament_cmake_args' from command line to 'None'
[0.203s] Level 5:colcon.colcon_core.verb:set package 'go2_simulation' build argument 'catkin_cmake_args' from command line to 'None'
[0.203s] Level 5:colcon.colcon_core.verb:set package 'go2_simulation' build argument 'catkin_skip_building_tests' from command line to 'False'
[0.203s] DEBUG:colcon.colcon_core.verb:Building package 'go2_simulation' with the following arguments: {'ament_cmake_args': None, 'build_base': '/home/kan/lab/course/build/go2_simulation', 'catkin_cmake_args': None, 'catkin_skip_building_tests': False, 'cmake_args': None, 'cmake_clean_cache': False, 'cmake_clean_first': False, 'cmake_force_configure': False, 'cmake_target': None, 'cmake_target_skip_unavailable': False, 'install_base': '/home/kan/lab/course/install/go2_simulation', 'merge_install': False, 'path': '/home/kan/lab/course/src/go2_simulation', 'symlink_install': False, 'test_result_base': None}
[0.204s] Level 5:colcon.colcon_core.verb:set package 'go2_mcp_server' build argument 'cmake_args' from command line to 'None'
[0.204s] Level 5:colcon.colcon_core.verb:set package 'go2_mcp_server' build argument 'cmake_target' from command line to 'None'
[0.204s] Level 5:colcon.colcon_core.verb:set package 'go2_mcp_server' build argument 'cmake_target_skip_unavailable' from command line to 'False'
[0.204s] Level 5:colcon.colcon_core.verb:set package 'go2_mcp_server' build argument 'cmake_clean_cache' from command line to 'False'
[0.204s] Level 5:colcon.colcon_core.verb:set package 'go2_mcp_server' build argument 'cmake_clean_first' from command line to 'False'
[0.204s] Level 5:colcon.colcon_core.verb:set package 'go2_mcp_server' build argument 'cmake_force_configure' from command line to 'False'
[0.204s] Level 5:colcon.colcon_core.verb:set package 'go2_mcp_server' build argument 'ament_cmake_args' from command line to 'None'
[0.204s] Level 5:colcon.colcon_core.verb:set package 'go2_mcp_server' build argument 'catkin_cmake_args' from command line to 'None'
[0.204s] Level 5:colcon.colcon_core.verb:set package 'go2_mcp_server' build argument 'catkin_skip_building_tests' from command line to 'False'
[0.204s] DEBUG:colcon.colcon_core.verb:Building package 'go2_mcp_server' with the following arguments: {'ament_cmake_args': None, 'build_base': '/home/kan/lab/course/build/go2_mcp_server', 'catkin_cmake_args': None, 'catkin_skip_building_tests': False, 'cmake_args': None, 'cmake_clean_cache': False, 'cmake_clean_first': False, 'cmake_force_configure': False, 'cmake_target': None, 'cmake_target_skip_unavailable': False, 'install_base': '/home/kan/lab/course/install/go2_mcp_server', 'merge_install': False, 'path': '/home/kan/lab/course/src/go2_mcp_server', 'symlink_install': False, 'test_result_base': None}
[0.204s] Level 5:colcon.colcon_core.verb:set package 'go2_llm_nav' build argument 'cmake_args' from command line to 'None'
[0.204s] Level 5:colcon.colcon_core.verb:set package 'go2_llm_nav' build argument 'cmake_target' from command line to 'None'
[0.204s] Level 5:colcon.colcon_core.verb:set package 'go2_llm_nav' build argument 'cmake_target_skip_unavailable' from command line to 'False'
[0.204s] Level 5:colcon.colcon_core.verb:set package 'go2_llm_nav' build argument 'cmake_clean_cache' from command line to 'False'
[0.204s] Level 5:colcon.colcon_core.verb:set package 'go2_llm_nav' build argument 'cmake_clean_first' from command line to 'False'
[0.204s] Level 5:colcon.colcon_core.verb:set package 'go2_llm_nav' build argument 'cmake_force_configure' from command line to 'False'
[0.204s] Level 5:colcon.colcon_core.verb:set package 'go2_llm_nav' build argument 'ament_cmake_args' from command line to 'None'
[0.204s] Level 5:colcon.colcon_core.verb:set package 'go2_llm_nav' build argument 'catkin_cmake_args' from command line to 'None'
[0.204s] Level 5:colcon.colcon_core.verb:set package 'go2_llm_nav' build argument 'catkin_skip_building_tests' from command line to 'False'
[0.204s] DEBUG:colcon.colcon_core.verb:Building package 'go2_llm_nav' with the following arguments: {'ament_cmake_args': None, 'build_base': '/home/kan/lab/course/build/go2_llm_nav', 'catkin_cmake_args': None, 'catkin_skip_building_tests': False, 'cmake_args': None, 'cmake_clean_cache': False, 'cmake_clean_first': False, 'cmake_force_configure': False, 'cmake_target': None, 'cmake_target_skip_unavailable': False, 'install_base': '/home/kan/lab/course/install/go2_llm_nav', 'merge_install': False, 'path': '/home/kan/lab/course/src/go2_llm_nav', 'symlink_install': False, 'test_result_base': None}
[0.204s] INFO:colcon.colcon_core.executor:Executing jobs using 'parallel' executor
[0.205s] DEBUG:colcon.colcon_parallel_executor.executor.parallel:run_until_complete
[0.205s] INFO:colcon.colcon_ros.task.ament_python.build:Building ROS package in '/home/kan/lab/course/src/go2_semantic_map' with build type 'ament_python'
[0.205s] Level 1:colcon.colcon_core.shell:create_environment_hook('go2_semantic_map', 'ament_prefix_path')
[0.207s] INFO:colcon.colcon_core.plugin_system:Skipping extension 'colcon_core.shell.bat': Not used on non-Windows systems
[0.207s] INFO:colcon.colcon_core.shell:Creating environment hook '/home/kan/lab/course/install/go2_semantic_map/share/go2_semantic_map/hook/ament_prefix_path.ps1'
[0.208s] INFO:colcon.colcon_core.shell:Creating environment descriptor '/home/kan/lab/course/install/go2_semantic_map/share/go2_semantic_map/hook/ament_prefix_path.dsv'
[0.208s] INFO:colcon.colcon_core.shell:Creating environment hook '/home/kan/lab/course/install/go2_semantic_map/share/go2_semantic_map/hook/ament_prefix_path.sh'
[0.209s] INFO:colcon.colcon_core.shell:Skip shell extension 'powershell' for command environment: Not usable outside of PowerShell
[0.209s] DEBUG:colcon.colcon_core.shell:Skip shell extension 'dsv' for command environment
[0.211s] INFO:colcon.colcon_ros.task.ament_cmake.build:Building ROS package in '/home/kan/lab/course/src/go2_navigation' with build type 'ament_cmake'
[0.211s] INFO:colcon.colcon_cmake.task.cmake.build:Building CMake package in '/home/kan/lab/course/src/go2_navigation'
[0.211s] INFO:colcon.colcon_core.shell:Skip shell extension 'powershell' for command environment: Not usable outside of PowerShell
[0.211s] DEBUG:colcon.colcon_core.shell:Skip shell extension 'dsv' for command environment
[0.213s] INFO:colcon.colcon_ros.task.ament_cmake.build:Building ROS package in '/home/kan/lab/course/src/go2_simulation' with build type 'ament_cmake'
[0.213s] INFO:colcon.colcon_cmake.task.cmake.build:Building CMake package in '/home/kan/lab/course/src/go2_simulation'
[0.214s] INFO:colcon.colcon_core.shell:Skip shell extension 'powershell' for command environment: Not usable outside of PowerShell
[0.214s] DEBUG:colcon.colcon_core.shell:Skip shell extension 'dsv' for command environment
[0.399s] INFO:colcon.colcon_core.task.python.build:Building Python package in '/home/kan/lab/course/src/go2_semantic_map'
[0.400s] INFO:colcon.colcon_core.shell:Skip shell extension 'powershell' for command environment: Not usable outside of PowerShell
[0.400s] DEBUG:colcon.colcon_core.shell:Skip shell extension 'dsv' for command environment
[0.404s] DEBUG:colcon.colcon_core.event_handler.log_command:Invoking command in '/home/kan/lab/course/build/go2_navigation': CMAKE_PREFIX_PATH=/opt/ros/humble /usr/bin/cmake /home/kan/lab/course/src/go2_navigation -DCMAKE_INSTALL_PREFIX=/home/kan/lab/course/install/go2_navigation
[0.407s] DEBUG:colcon.colcon_core.event_handler.log_command:Invoking command in '/home/kan/lab/course/build/go2_simulation': CMAKE_PREFIX_PATH=/opt/ros/humble /usr/bin/cmake /home/kan/lab/course/src/go2_simulation -DCMAKE_INSTALL_PREFIX=/home/kan/lab/course/install/go2_simulation
[0.830s] DEBUG:colcon.colcon_core.event_handler.log_command:Invoking command in '/home/kan/lab/course/src/go2_semantic_map': PYTHONPATH=/home/kan/lab/course/build/go2_semantic_map/prefix_override:/usr/lib/python3/dist-packages/colcon_core/task/python/colcon_distutils_commands:/home/kan/lab/course/install/go2_semantic_map/lib/python3.10/site-packages:${PYTHONPATH} /usr/bin/python3 -W ignore:setup.py install is deprecated -W ignore:easy_install command is deprecated setup.py egg_info --egg-base ../../build/go2_semantic_map build --build-base /home/kan/lab/course/build/go2_semantic_map/build install --record /home/kan/lab/course/build/go2_semantic_map/install.log --single-version-externally-managed install_data
[1.088s] DEBUG:colcon.colcon_core.event_handler.log_command:Invoked command in '/home/kan/lab/course/build/go2_simulation' returned '0': CMAKE_PREFIX_PATH=/opt/ros/humble /usr/bin/cmake /home/kan/lab/course/src/go2_simulation -DCMAKE_INSTALL_PREFIX=/home/kan/lab/course/install/go2_simulation
[1.089s] DEBUG:colcon.colcon_core.event_handler.log_command:Invoking command in '/home/kan/lab/course/build/go2_simulation': CMAKE_PREFIX_PATH=/opt/ros/humble /usr/bin/cmake --build /home/kan/lab/course/build/go2_simulation -- -j8 -l8
[1.090s] DEBUG:colcon.colcon_core.event_handler.log_command:Invoked command in '/home/kan/lab/course/build/go2_navigation' returned '0': CMAKE_PREFIX_PATH=/opt/ros/humble /usr/bin/cmake /home/kan/lab/course/src/go2_navigation -DCMAKE_INSTALL_PREFIX=/home/kan/lab/course/install/go2_navigation
[1.091s] DEBUG:colcon.colcon_core.event_handler.log_command:Invoking command in '/home/kan/lab/course/build/go2_navigation': CMAKE_PREFIX_PATH=/opt/ros/humble /usr/bin/cmake --build /home/kan/lab/course/build/go2_navigation -- -j8 -l8
[1.117s] DEBUG:colcon.colcon_core.event_handler.log_command:Invoked command in '/home/kan/lab/course/build/go2_navigation' returned '0': CMAKE_PREFIX_PATH=/opt/ros/humble /usr/bin/cmake --build /home/kan/lab/course/build/go2_navigation -- -j8 -l8
[1.124s] DEBUG:colcon.colcon_core.event_handler.log_command:Invoking command in '/home/kan/lab/course/build/go2_navigation': CMAKE_PREFIX_PATH=/opt/ros/humble /usr/bin/cmake --install /home/kan/lab/course/build/go2_navigation
[1.125s] DEBUG:colcon.colcon_core.event_handler.log_command:Invoked command in '/home/kan/lab/course/build/go2_simulation' returned '0': CMAKE_PREFIX_PATH=/opt/ros/humble /usr/bin/cmake --build /home/kan/lab/course/build/go2_simulation -- -j8 -l8
[1.126s] DEBUG:colcon.colcon_core.event_handler.log_command:Invoking command in '/home/kan/lab/course/build/go2_simulation': CMAKE_PREFIX_PATH=/opt/ros/humble /usr/bin/cmake --install /home/kan/lab/course/build/go2_simulation
[1.135s] Level 1:colcon.colcon_core.environment:create_environment_scripts_only(go2_navigation)
[1.136s] DEBUG:colcon.colcon_core.event_handler.log_command:Invoked command in '/home/kan/lab/course/build/go2_navigation' returned '0': CMAKE_PREFIX_PATH=/opt/ros/humble /usr/bin/cmake --install /home/kan/lab/course/build/go2_navigation
[1.137s] Level 1:colcon.colcon_core.environment:checking '/home/kan/lab/course/install/go2_navigation' for CMake module files
[1.138s] Level 1:colcon.colcon_core.environment:checking '/home/kan/lab/course/install/go2_navigation' for CMake config files
[1.138s] Level 1:colcon.colcon_core.shell:create_environment_hook('go2_navigation', 'cmake_prefix_path')
[1.138s] INFO:colcon.colcon_core.shell:Creating environment hook '/home/kan/lab/course/install/go2_navigation/share/go2_navigation/hook/cmake_prefix_path.ps1'
[1.139s] INFO:colcon.colcon_core.shell:Creating environment descriptor '/home/kan/lab/course/install/go2_navigation/share/go2_navigation/hook/cmake_prefix_path.dsv'
[1.139s] INFO:colcon.colcon_core.shell:Creating environment hook '/home/kan/lab/course/install/go2_navigation/share/go2_navigation/hook/cmake_prefix_path.sh'
[1.140s] Level 1:colcon.colcon_core.environment:checking '/home/kan/lab/course/install/go2_navigation/bin'
[1.140s] Level 1:colcon.colcon_core.environment:checking '/home/kan/lab/course/install/go2_navigation/lib/pkgconfig/go2_navigation.pc'
[1.140s] Level 1:colcon.colcon_core.environment:checking '/home/kan/lab/course/install/go2_navigation/lib/python3.10/site-packages'
[1.140s] Level 1:colcon.colcon_core.environment:checking '/home/kan/lab/course/install/go2_navigation/bin'
[1.140s] INFO:colcon.colcon_core.shell:Creating package script '/home/kan/lab/course/install/go2_navigation/share/go2_navigation/package.ps1'
[1.141s] INFO:colcon.colcon_core.shell:Creating package descriptor '/home/kan/lab/course/install/go2_navigation/share/go2_navigation/package.dsv'
[1.141s] INFO:colcon.colcon_core.shell:Creating package script '/home/kan/lab/course/install/go2_navigation/share/go2_navigation/package.sh'
[1.142s] INFO:colcon.colcon_core.shell:Creating package script '/home/kan/lab/course/install/go2_navigation/share/go2_navigation/package.bash'
[1.142s] INFO:colcon.colcon_core.shell:Creating package script '/home/kan/lab/course/install/go2_navigation/share/go2_navigation/package.zsh'
[1.143s] Level 1:colcon.colcon_core.environment:create_file_with_runtime_dependencies(/home/kan/lab/course/install/go2_navigation/share/colcon-core/packages/go2_navigation)
[1.144s] Level 1:colcon.colcon_core.environment:create_environment_scripts_only(go2_navigation)
[1.144s] Level 1:colcon.colcon_core.environment:checking '/home/kan/lab/course/install/go2_navigation' for CMake module files
[1.144s] Level 1:colcon.colcon_core.environment:checking '/home/kan/lab/course/install/go2_navigation' for CMake config files
[1.144s] Level 1:colcon.colcon_core.shell:create_environment_hook('go2_navigation', 'cmake_prefix_path')
[1.144s] INFO:colcon.colcon_core.shell:Creating environment hook '/home/kan/lab/course/install/go2_navigation/share/go2_navigation/hook/cmake_prefix_path.ps1'
[1.145s] INFO:colcon.colcon_core.shell:Creating environment descriptor '/home/kan/lab/course/install/go2_navigation/share/go2_navigation/hook/cmake_prefix_path.dsv'
[1.145s] INFO:colcon.colcon_core.shell:Creating environment hook '/home/kan/lab/course/install/go2_navigation/share/go2_navigation/hook/cmake_prefix_path.sh'
[1.146s] Level 1:colcon.colcon_core.environment:checking '/home/kan/lab/course/install/go2_navigation/bin'
[1.146s] Level 1:colcon.colcon_core.environment:checking '/home/kan/lab/course/install/go2_navigation/lib/pkgconfig/go2_navigation.pc'
[1.146s] Level 1:colcon.colcon_core.environment:checking '/home/kan/lab/course/install/go2_navigation/lib/python3.10/site-packages'
[1.146s] Level 1:colcon.colcon_core.environment:checking '/home/kan/lab/course/install/go2_navigation/bin'
[1.146s] INFO:colcon.colcon_core.shell:Creating package script '/home/kan/lab/course/install/go2_navigation/share/go2_navigation/package.ps1'
[1.147s] INFO:colcon.colcon_core.shell:Creating package descriptor '/home/kan/lab/course/install/go2_navigation/share/go2_navigation/package.dsv'
[1.147s] INFO:colcon.colcon_core.shell:Creating package script '/home/kan/lab/course/install/go2_navigation/share/go2_navigation/package.sh'
[1.148s] INFO:colcon.colcon_core.shell:Creating package script '/home/kan/lab/course/install/go2_navigation/share/go2_navigation/package.bash'
[1.148s] INFO:colcon.colcon_core.shell:Creating package script '/home/kan/lab/course/install/go2_navigation/share/go2_navigation/package.zsh'
[1.148s] Level 1:colcon.colcon_core.environment:create_file_with_runtime_dependencies(/home/kan/lab/course/install/go2_navigation/share/colcon-core/packages/go2_navigation)
[1.157s] Level 1:colcon.colcon_core.environment:create_environment_scripts_only(go2_simulation)
[1.157s] Level 1:colcon.colcon_core.environment:checking '/home/kan/lab/course/install/go2_simulation' for CMake module files
[1.157s] DEBUG:colcon.colcon_core.event_handler.log_command:Invoked command in '/home/kan/lab/course/build/go2_simulation' returned '0': CMAKE_PREFIX_PATH=/opt/ros/humble /usr/bin/cmake --install /home/kan/lab/course/build/go2_simulation
[1.157s] Level 1:colcon.colcon_core.environment:checking '/home/kan/lab/course/install/go2_simulation' for CMake config files
[1.158s] Level 1:colcon.colcon_core.shell:create_environment_hook('go2_simulation', 'cmake_prefix_path')
[1.158s] INFO:colcon.colcon_core.shell:Creating environment hook '/home/kan/lab/course/install/go2_simulation/share/go2_simulation/hook/cmake_prefix_path.ps1'
[1.158s] INFO:colcon.colcon_core.shell:Creating environment descriptor '/home/kan/lab/course/install/go2_simulation/share/go2_simulation/hook/cmake_prefix_path.dsv'
[1.158s] INFO:colcon.colcon_core.shell:Creating environment hook '/home/kan/lab/course/install/go2_simulation/share/go2_simulation/hook/cmake_prefix_path.sh'
[1.159s] Level 1:colcon.colcon_core.environment:checking '/home/kan/lab/course/install/go2_simulation/bin'
[1.159s] Level 1:colcon.colcon_core.environment:checking '/home/kan/lab/course/install/go2_simulation/lib/pkgconfig/go2_simulation.pc'
[1.159s] Level 1:colcon.colcon_core.environment:checking '/home/kan/lab/course/install/go2_simulation/lib/python3.10/site-packages'
[1.159s] Level 1:colcon.colcon_core.environment:checking '/home/kan/lab/course/install/go2_simulation/bin'
[1.160s] INFO:colcon.colcon_core.shell:Creating package script '/home/kan/lab/course/install/go2_simulation/share/go2_simulation/package.ps1'
[1.160s] INFO:colcon.colcon_core.shell:Creating package descriptor '/home/kan/lab/course/install/go2_simulation/share/go2_simulation/package.dsv'
[1.160s] INFO:colcon.colcon_core.shell:Creating package script '/home/kan/lab/course/install/go2_simulation/share/go2_simulation/package.sh'
[1.160s] INFO:colcon.colcon_core.shell:Creating package script '/home/kan/lab/course/install/go2_simulation/share/go2_simulation/package.bash'
[1.161s] INFO:colcon.colcon_core.shell:Creating package script '/home/kan/lab/course/install/go2_simulation/share/go2_simulation/package.zsh'
[1.161s] Level 1:colcon.colcon_core.environment:create_file_with_runtime_dependencies(/home/kan/lab/course/install/go2_simulation/share/colcon-core/packages/go2_simulation)
[1.161s] Level 1:colcon.colcon_core.environment:create_environment_scripts_only(go2_simulation)
[1.162s] Level 1:colcon.colcon_core.environment:checking '/home/kan/lab/course/install/go2_simulation' for CMake module files
[1.162s] Level 1:colcon.colcon_core.environment:checking '/home/kan/lab/course/install/go2_simulation' for CMake config files
[1.162s] Level 1:colcon.colcon_core.shell:create_environment_hook('go2_simulation', 'cmake_prefix_path')
[1.162s] INFO:colcon.colcon_core.shell:Creating environment hook '/home/kan/lab/course/install/go2_simulation/share/go2_simulation/hook/cmake_prefix_path.ps1'
[1.163s] INFO:colcon.colcon_core.shell:Creating environment descriptor '/home/kan/lab/course/install/go2_simulation/share/go2_simulation/hook/cmake_prefix_path.dsv'
[1.163s] INFO:colcon.colcon_core.shell:Creating environment hook '/home/kan/lab/course/install/go2_simulation/share/go2_simulation/hook/cmake_prefix_path.sh'
[1.163s] Level 1:colcon.colcon_core.environment:checking '/home/kan/lab/course/install/go2_simulation/bin'
[1.163s] Level 1:colcon.colcon_core.environment:checking '/home/kan/lab/course/install/go2_simulation/lib/pkgconfig/go2_simulation.pc'
[1.163s] Level 1:colcon.colcon_core.environment:checking '/home/kan/lab/course/install/go2_simulation/lib/python3.10/site-packages'
[1.164s] Level 1:colcon.colcon_core.environment:checking '/home/kan/lab/course/install/go2_simulation/bin'
[1.164s] INFO:colcon.colcon_core.shell:Creating package script '/home/kan/lab/course/install/go2_simulation/share/go2_simulation/package.ps1'
[1.164s] INFO:colcon.colcon_core.shell:Creating package descriptor '/home/kan/lab/course/install/go2_simulation/share/go2_simulation/package.dsv'
[1.165s] INFO:colcon.colcon_core.shell:Creating package script '/home/kan/lab/course/install/go2_simulation/share/go2_simulation/package.sh'
[1.165s] INFO:colcon.colcon_core.shell:Creating package script '/home/kan/lab/course/install/go2_simulation/share/go2_simulation/package.bash'
[1.174s] INFO:colcon.colcon_core.shell:Creating package script '/home/kan/lab/course/install/go2_simulation/share/go2_simulation/package.zsh'
[1.175s] Level 1:colcon.colcon_core.environment:create_file_with_runtime_dependencies(/home/kan/lab/course/install/go2_simulation/share/colcon-core/packages/go2_simulation)
[1.252s] Level 1:colcon.colcon_core.environment:checking '/home/kan/lab/course/install/go2_semantic_map' for CMake module files
[1.252s] DEBUG:colcon.colcon_core.event_handler.log_command:Invoked command in '/home/kan/lab/course/src/go2_semantic_map' returned '0': PYTHONPATH=/home/kan/lab/course/build/go2_semantic_map/prefix_override:/usr/lib/python3/dist-packages/colcon_core/task/python/colcon_distutils_commands:/home/kan/lab/course/install/go2_semantic_map/lib/python3.10/site-packages:${PYTHONPATH} /usr/bin/python3 -W ignore:setup.py install is deprecated -W ignore:easy_install command is deprecated setup.py egg_info --egg-base ../../build/go2_semantic_map build --build-base /home/kan/lab/course/build/go2_semantic_map/build install --record /home/kan/lab/course/build/go2_semantic_map/install.log --single-version-externally-managed install_data
[1.252s] Level 1:colcon.colcon_core.environment:checking '/home/kan/lab/course/install/go2_semantic_map' for CMake config files
[1.253s] Level 1:colcon.colcon_core.environment:checking '/home/kan/lab/course/install/go2_semantic_map/lib'
[1.253s] Level 1:colcon.colcon_core.environment:checking '/home/kan/lab/course/install/go2_semantic_map/bin'
[1.253s] Level 1:colcon.colcon_core.environment:checking '/home/kan/lab/course/install/go2_semantic_map/lib/pkgconfig/go2_semantic_map.pc'
[1.253s] Level 1:colcon.colcon_core.environment:checking '/home/kan/lab/course/install/go2_semantic_map/lib/python3.10/site-packages'
[1.253s] Level 1:colcon.colcon_core.shell:create_environment_hook('go2_semantic_map', 'pythonpath')
[1.253s] INFO:colcon.colcon_core.shell:Creating environment hook '/home/kan/lab/course/install/go2_semantic_map/share/go2_semantic_map/hook/pythonpath.ps1'
[1.254s] INFO:colcon.colcon_core.shell:Creating environment descriptor '/home/kan/lab/course/install/go2_semantic_map/share/go2_semantic_map/hook/pythonpath.dsv'
[1.254s] INFO:colcon.colcon_core.shell:Creating environment hook '/home/kan/lab/course/install/go2_semantic_map/share/go2_semantic_map/hook/pythonpath.sh'
[1.254s] Level 1:colcon.colcon_core.environment:checking '/home/kan/lab/course/install/go2_semantic_map/bin'
[1.255s] Level 1:colcon.colcon_core.environment:create_environment_scripts_only(go2_semantic_map)
[1.255s] INFO:colcon.colcon_core.shell:Creating package script '/home/kan/lab/course/install/go2_semantic_map/share/go2_semantic_map/package.ps1'
[1.255s] INFO:colcon.colcon_core.shell:Creating package descriptor '/home/kan/lab/course/install/go2_semantic_map/share/go2_semantic_map/package.dsv'
[1.255s] INFO:colcon.colcon_core.shell:Creating package script '/home/kan/lab/course/install/go2_semantic_map/share/go2_semantic_map/package.sh'
[1.256s] INFO:colcon.colcon_core.shell:Creating package script '/home/kan/lab/course/install/go2_semantic_map/share/go2_semantic_map/package.bash'
[1.256s] INFO:colcon.colcon_core.shell:Creating package script '/home/kan/lab/course/install/go2_semantic_map/share/go2_semantic_map/package.zsh'
[1.256s] Level 1:colcon.colcon_core.environment:create_file_with_runtime_dependencies(/home/kan/lab/course/install/go2_semantic_map/share/colcon-core/packages/go2_semantic_map)
[1.257s] INFO:colcon.colcon_ros.task.ament_python.build:Building ROS package in '/home/kan/lab/course/src/go2_mcp_server' with build type 'ament_python'
[1.257s] Level 1:colcon.colcon_core.shell:create_environment_hook('go2_mcp_server', 'ament_prefix_path')
[1.257s] INFO:colcon.colcon_core.shell:Creating environment hook '/home/kan/lab/course/install/go2_mcp_server/share/go2_mcp_server/hook/ament_prefix_path.ps1'
[1.257s] INFO:colcon.colcon_core.shell:Creating environment descriptor '/home/kan/lab/course/install/go2_mcp_server/share/go2_mcp_server/hook/ament_prefix_path.dsv'
[1.258s] INFO:colcon.colcon_core.shell:Creating environment hook '/home/kan/lab/course/install/go2_mcp_server/share/go2_mcp_server/hook/ament_prefix_path.sh'
[1.258s] INFO:colcon.colcon_core.shell:Skip shell extension 'powershell' for command environment: Not usable outside of PowerShell
[1.258s] DEBUG:colcon.colcon_core.shell:Skip shell extension 'dsv' for command environment
[1.453s] INFO:colcon.colcon_core.task.python.build:Building Python package in '/home/kan/lab/course/src/go2_mcp_server'
[1.454s] INFO:colcon.colcon_core.shell:Skip shell extension 'powershell' for command environment: Not usable outside of PowerShell
[1.454s] DEBUG:colcon.colcon_core.shell:Skip shell extension 'dsv' for command environment
[1.843s] DEBUG:colcon.colcon_core.event_handler.log_command:Invoking command in '/home/kan/lab/course/src/go2_mcp_server': AMENT_PREFIX_PATH=/home/kan/lab/course/install/go2_semantic_map:${AMENT_PREFIX_PATH} PYTHONPATH=/home/kan/lab/course/build/go2_mcp_server/prefix_override:/usr/lib/python3/dist-packages/colcon_core/task/python/colcon_distutils_commands:/home/kan/lab/course/install/go2_mcp_server/lib/python3.10/site-packages:/home/kan/lab/course/install/go2_semantic_map/lib/python3.10/site-packages:${PYTHONPATH} /usr/bin/python3 -W ignore:setup.py install is deprecated -W ignore:easy_install command is deprecated setup.py egg_info --egg-base ../../build/go2_mcp_server build --build-base /home/kan/lab/course/build/go2_mcp_server/build install --record /home/kan/lab/course/build/go2_mcp_server/install.log --single-version-externally-managed install_data
[2.237s] Level 1:colcon.colcon_core.environment:checking '/home/kan/lab/course/install/go2_mcp_server' for CMake module files
[2.237s] DEBUG:colcon.colcon_core.event_handler.log_command:Invoked command in '/home/kan/lab/course/src/go2_mcp_server' returned '0': AMENT_PREFIX_PATH=/home/kan/lab/course/install/go2_semantic_map:${AMENT_PREFIX_PATH} PYTHONPATH=/home/kan/lab/course/build/go2_mcp_server/prefix_override:/usr/lib/python3/dist-packages/colcon_core/task/python/colcon_distutils_commands:/home/kan/lab/course/install/go2_mcp_server/lib/python3.10/site-packages:/home/kan/lab/course/install/go2_semantic_map/lib/python3.10/site-packages:${PYTHONPATH} /usr/bin/python3 -W ignore:setup.py install is deprecated -W ignore:easy_install command is deprecated setup.py egg_info --egg-base ../../build/go2_mcp_server build --build-base /home/kan/lab/course/build/go2_mcp_server/build install --record /home/kan/lab/course/build/go2_mcp_server/install.log --single-version-externally-managed install_data
[2.238s] Level 1:colcon.colcon_core.environment:checking '/home/kan/lab/course/install/go2_mcp_server' for CMake config files
[2.238s] Level 1:colcon.colcon_core.environment:checking '/home/kan/lab/course/install/go2_mcp_server/lib'
[2.238s] Level 1:colcon.colcon_core.environment:checking '/home/kan/lab/course/install/go2_mcp_server/bin'
[2.238s] Level 1:colcon.colcon_core.environment:checking '/home/kan/lab/course/install/go2_mcp_server/lib/pkgconfig/go2_mcp_server.pc'
[2.238s] Level 1:colcon.colcon_core.environment:checking '/home/kan/lab/course/install/go2_mcp_server/lib/python3.10/site-packages'
[2.238s] Level 1:colcon.colcon_core.shell:create_environment_hook('go2_mcp_server', 'pythonpath')
[2.238s] INFO:colcon.colcon_core.shell:Creating environment hook '/home/kan/lab/course/install/go2_mcp_server/share/go2_mcp_server/hook/pythonpath.ps1'
[2.239s] INFO:colcon.colcon_core.shell:Creating environment descriptor '/home/kan/lab/course/install/go2_mcp_server/share/go2_mcp_server/hook/pythonpath.dsv'
[2.239s] INFO:colcon.colcon_core.shell:Creating environment hook '/home/kan/lab/course/install/go2_mcp_server/share/go2_mcp_server/hook/pythonpath.sh'
[2.240s] Level 1:colcon.colcon_core.environment:checking '/home/kan/lab/course/install/go2_mcp_server/bin'
[2.240s] Level 1:colcon.colcon_core.environment:create_environment_scripts_only(go2_mcp_server)
[2.240s] INFO:colcon.colcon_core.shell:Creating package script '/home/kan/lab/course/install/go2_mcp_server/share/go2_mcp_server/package.ps1'
[2.240s] INFO:colcon.colcon_core.shell:Creating package descriptor '/home/kan/lab/course/install/go2_mcp_server/share/go2_mcp_server/package.dsv'
[2.241s] INFO:colcon.colcon_core.shell:Creating package script '/home/kan/lab/course/install/go2_mcp_server/share/go2_mcp_server/package.sh'
[2.241s] INFO:colcon.colcon_core.shell:Creating package script '/home/kan/lab/course/install/go2_mcp_server/share/go2_mcp_server/package.bash'
[2.241s] INFO:colcon.colcon_core.shell:Creating package script '/home/kan/lab/course/install/go2_mcp_server/share/go2_mcp_server/package.zsh'
[2.242s] Level 1:colcon.colcon_core.environment:create_file_with_runtime_dependencies(/home/kan/lab/course/install/go2_mcp_server/share/colcon-core/packages/go2_mcp_server)
[2.242s] INFO:colcon.colcon_ros.task.ament_python.build:Building ROS package in '/home/kan/lab/course/src/go2_llm_nav' with build type 'ament_python'
[2.242s] Level 1:colcon.colcon_core.shell:create_environment_hook('go2_llm_nav', 'ament_prefix_path')
[2.242s] INFO:colcon.colcon_core.shell:Creating environment hook '/home/kan/lab/course/install/go2_llm_nav/share/go2_llm_nav/hook/ament_prefix_path.ps1'
[2.243s] INFO:colcon.colcon_core.shell:Creating environment descriptor '/home/kan/lab/course/install/go2_llm_nav/share/go2_llm_nav/hook/ament_prefix_path.dsv'
[2.243s] INFO:colcon.colcon_core.shell:Creating environment hook '/home/kan/lab/course/install/go2_llm_nav/share/go2_llm_nav/hook/ament_prefix_path.sh'
[2.243s] INFO:colcon.colcon_core.shell:Skip shell extension 'powershell' for command environment: Not usable outside of PowerShell
[2.243s] DEBUG:colcon.colcon_core.shell:Skip shell extension 'dsv' for command environment
[2.438s] INFO:colcon.colcon_core.task.python.build:Building Python package in '/home/kan/lab/course/src/go2_llm_nav'
[2.439s] INFO:colcon.colcon_core.shell:Skip shell extension 'powershell' for command environment: Not usable outside of PowerShell
[2.439s] DEBUG:colcon.colcon_core.shell:Skip shell extension 'dsv' for command environment
[2.855s] DEBUG:colcon.colcon_core.event_handler.log_command:Invoking command in '/home/kan/lab/course/src/go2_llm_nav': AMENT_PREFIX_PATH=/home/kan/lab/course/install/go2_mcp_server:/home/kan/lab/course/install/go2_semantic_map:${AMENT_PREFIX_PATH} PYTHONPATH=/home/kan/lab/course/build/go2_llm_nav/prefix_override:/usr/lib/python3/dist-packages/colcon_core/task/python/colcon_distutils_commands:/home/kan/lab/course/install/go2_llm_nav/lib/python3.10/site-packages:/home/kan/lab/course/install/go2_mcp_server/lib/python3.10/site-packages:/home/kan/lab/course/install/go2_semantic_map/lib/python3.10/site-packages:${PYTHONPATH} /usr/bin/python3 -W ignore:setup.py install is deprecated -W ignore:easy_install command is deprecated setup.py egg_info --egg-base ../../build/go2_llm_nav build --build-base /home/kan/lab/course/build/go2_llm_nav/build install --record /home/kan/lab/course/build/go2_llm_nav/install.log --single-version-externally-managed install_data
[3.252s] Level 1:colcon.colcon_core.environment:checking '/home/kan/lab/course/install/go2_llm_nav' for CMake module files
[3.252s] DEBUG:colcon.colcon_core.event_handler.log_command:Invoked command in '/home/kan/lab/course/src/go2_llm_nav' returned '0': AMENT_PREFIX_PATH=/home/kan/lab/course/install/go2_mcp_server:/home/kan/lab/course/install/go2_semantic_map:${AMENT_PREFIX_PATH} PYTHONPATH=/home/kan/lab/course/build/go2_llm_nav/prefix_override:/usr/lib/python3/dist-packages/colcon_core/task/python/colcon_distutils_commands:/home/kan/lab/course/install/go2_llm_nav/lib/python3.10/site-packages:/home/kan/lab/course/install/go2_mcp_server/lib/python3.10/site-packages:/home/kan/lab/course/install/go2_semantic_map/lib/python3.10/site-packages:${PYTHONPATH} /usr/bin/python3 -W ignore:setup.py install is deprecated -W ignore:easy_install command is deprecated setup.py egg_info --egg-base ../../build/go2_llm_nav build --build-base /home/kan/lab/course/build/go2_llm_nav/build install --record /home/kan/lab/course/build/go2_llm_nav/install.log --single-version-externally-managed install_data
[3.253s] Level 1:colcon.colcon_core.environment:checking '/home/kan/lab/course/install/go2_llm_nav' for CMake config files
[3.253s] Level 1:colcon.colcon_core.environment:checking '/home/kan/lab/course/install/go2_llm_nav/lib'
[3.253s] Level 1:colcon.colcon_core.environment:checking '/home/kan/lab/course/install/go2_llm_nav/bin'
[3.253s] Level 1:colcon.colcon_core.environment:checking '/home/kan/lab/course/install/go2_llm_nav/lib/pkgconfig/go2_llm_nav.pc'
[3.253s] Level 1:colcon.colcon_core.environment:checking '/home/kan/lab/course/install/go2_llm_nav/lib/python3.10/site-packages'
[3.254s] Level 1:colcon.colcon_core.shell:create_environment_hook('go2_llm_nav', 'pythonpath')
[3.254s] INFO:colcon.colcon_core.shell:Creating environment hook '/home/kan/lab/course/install/go2_llm_nav/share/go2_llm_nav/hook/pythonpath.ps1'
[3.254s] INFO:colcon.colcon_core.shell:Creating environment descriptor '/home/kan/lab/course/install/go2_llm_nav/share/go2_llm_nav/hook/pythonpath.dsv'
[3.254s] INFO:colcon.colcon_core.shell:Creating environment hook '/home/kan/lab/course/install/go2_llm_nav/share/go2_llm_nav/hook/pythonpath.sh'
[3.255s] Level 1:colcon.colcon_core.environment:checking '/home/kan/lab/course/install/go2_llm_nav/bin'
[3.255s] Level 1:colcon.colcon_core.environment:create_environment_scripts_only(go2_llm_nav)
[3.255s] INFO:colcon.colcon_core.shell:Creating package script '/home/kan/lab/course/install/go2_llm_nav/share/go2_llm_nav/package.ps1'
[3.255s] INFO:colcon.colcon_core.shell:Creating package descriptor '/home/kan/lab/course/install/go2_llm_nav/share/go2_llm_nav/package.dsv'
[3.256s] INFO:colcon.colcon_core.shell:Creating package script '/home/kan/lab/course/install/go2_llm_nav/share/go2_llm_nav/package.sh'
[3.256s] INFO:colcon.colcon_core.shell:Creating package script '/home/kan/lab/course/install/go2_llm_nav/share/go2_llm_nav/package.bash'
[3.256s] INFO:colcon.colcon_core.shell:Creating package script '/home/kan/lab/course/install/go2_llm_nav/share/go2_llm_nav/package.zsh'
[3.257s] Level 1:colcon.colcon_core.environment:create_file_with_runtime_dependencies(/home/kan/lab/course/install/go2_llm_nav/share/colcon-core/packages/go2_llm_nav)
[3.257s] DEBUG:colcon.colcon_parallel_executor.executor.parallel:closing loop
[3.257s] DEBUG:colcon.colcon_parallel_executor.executor.parallel:loop closed
[3.257s] DEBUG:colcon.colcon_parallel_executor.executor.parallel:run_until_complete finished with '0'
[3.257s] DEBUG:colcon.colcon_core.event_reactor:joining thread
[3.261s] INFO:colcon.colcon_core.plugin_system:Skipping extension 'colcon_notification.desktop_notification.terminal_notifier': Not used on non-Darwin systems
[3.261s] INFO:colcon.colcon_core.plugin_system:Skipping extension 'colcon_notification.desktop_notification.win32': Not used on non-Windows systems
[3.261s] INFO:colcon.colcon_notification.desktop_notification:Sending desktop notification using 'notify2'
[3.267s] DEBUG:colcon.colcon_core.event_reactor:joined thread
[3.268s] INFO:colcon.colcon_core.shell:Creating prefix script '/home/kan/lab/course/install/local_setup.ps1'
[3.269s] INFO:colcon.colcon_core.shell:Creating prefix util module '/home/kan/lab/course/install/_local_setup_util_ps1.py'
[3.270s] INFO:colcon.colcon_core.shell:Creating prefix chain script '/home/kan/lab/course/install/setup.ps1'
[3.270s] INFO:colcon.colcon_core.shell:Creating prefix script '/home/kan/lab/course/install/local_setup.sh'
[3.271s] INFO:colcon.colcon_core.shell:Creating prefix util module '/home/kan/lab/course/install/_local_setup_util_sh.py'
[3.271s] INFO:colcon.colcon_core.shell:Creating prefix chain script '/home/kan/lab/course/install/setup.sh'
[3.272s] INFO:colcon.colcon_core.shell:Creating prefix script '/home/kan/lab/course/install/local_setup.bash'
[3.272s] INFO:colcon.colcon_core.shell:Creating prefix chain script '/home/kan/lab/course/install/setup.bash'
[3.273s] INFO:colcon.colcon_core.shell:Creating prefix script '/home/kan/lab/course/install/local_setup.zsh'
[3.273s] INFO:colcon.colcon_core.shell:Creating prefix chain script '/home/kan/lab/course/install/setup.zsh'
