/home/kan/.local/lib/python3.10/site-packages/setuptools/_distutils/dist.py:287: UserWarning: Unknown distribution option: 'tests_require'
  warnings.warn(msg)
running egg_info
creating ../../build/go2_semantic_map/go2_semantic_map.egg-info
writing ../../build/go2_semantic_map/go2_semantic_map.egg-info/PKG-INFO
writing dependency_links to ../../build/go2_semantic_map/go2_semantic_map.egg-info/dependency_links.txt
writing requirements to ../../build/go2_semantic_map/go2_semantic_map.egg-info/requires.txt
writing top-level names to ../../build/go2_semantic_map/go2_semantic_map.egg-info/top_level.txt
writing manifest file '../../build/go2_semantic_map/go2_semantic_map.egg-info/SOURCES.txt'
reading manifest file '../../build/go2_semantic_map/go2_semantic_map.egg-info/SOURCES.txt'
writing manifest file '../../build/go2_semantic_map/go2_semantic_map.egg-info/SOURCES.txt'
running build
running build_py
creating /home/kan/lab/course/build/go2_semantic_map/build/lib/go2_semantic_map
copying go2_semantic_map/places.py -> /home/kan/lab/course/build/go2_semantic_map/build/lib/go2_semantic_map
copying go2_semantic_map/__init__.py -> /home/kan/lab/course/build/go2_semantic_map/build/lib/go2_semantic_map
running install
running install_lib
creating /home/kan/lab/course/install/go2_semantic_map/lib/python3.10/site-packages/go2_semantic_map
copying /home/kan/lab/course/build/go2_semantic_map/build/lib/go2_semantic_map/places.py -> /home/kan/lab/course/install/go2_semantic_map/lib/python3.10/site-packages/go2_semantic_map
copying /home/kan/lab/course/build/go2_semantic_map/build/lib/go2_semantic_map/__init__.py -> /home/kan/lab/course/install/go2_semantic_map/lib/python3.10/site-packages/go2_semantic_map
byte-compiling /home/kan/lab/course/install/go2_semantic_map/lib/python3.10/site-packages/go2_semantic_map/places.py to places.cpython-310.pyc
byte-compiling /home/kan/lab/course/install/go2_semantic_map/lib/python3.10/site-packages/go2_semantic_map/__init__.py to __init__.cpython-310.pyc
running install_data
creating /home/kan/lab/course/install/go2_semantic_map/share/ament_index/resource_index/packages
copying resource/go2_semantic_map -> /home/kan/lab/course/install/go2_semantic_map/share/ament_index/resource_index/packages
copying package.xml -> /home/kan/lab/course/install/go2_semantic_map/share/go2_semantic_map
creating /home/kan/lab/course/install/go2_semantic_map/share/go2_semantic_map/config
copying config/places.yaml -> /home/kan/lab/course/install/go2_semantic_map/share/go2_semantic_map/config
copying config/places_junior.yaml -> /home/kan/lab/course/install/go2_semantic_map/share/go2_semantic_map/config
running install_egg_info
Copying ../../build/go2_semantic_map/go2_semantic_map.egg-info to /home/kan/lab/course/install/go2_semantic_map/lib/python3.10/site-packages/go2_semantic_map-0.1.0-py3.10.egg-info
running install_scripts
writing list of installed files to '/home/kan/lab/course/build/go2_semantic_map/install.log'
