/home/kan/lab/course/install/go2_mcp_server/lib/python3.10/site-packages/go2_mcp_server/map_view.py
/home/kan/lab/course/install/go2_mcp_server/lib/python3.10/site-packages/go2_mcp_server/server.py
/home/kan/lab/course/install/go2_mcp_server/lib/python3.10/site-packages/go2_mcp_server/nav2_client.py
/home/kan/lab/course/install/go2_mcp_server/lib/python3.10/site-packages/go2_mcp_server/__init__.py
/home/kan/lab/course/install/go2_mcp_server/lib/python3.10/site-packages/go2_mcp_server/detection_store.py
/home/kan/lab/course/install/go2_mcp_server/lib/python3.10/site-packages/go2_mcp_server/__pycache__/map_view.cpython-310.pyc
/home/kan/lab/course/install/go2_mcp_server/lib/python3.10/site-packages/go2_mcp_server/__pycache__/server.cpython-310.pyc
/home/kan/lab/course/install/go2_mcp_server/lib/python3.10/site-packages/go2_mcp_server/__pycache__/nav2_client.cpython-310.pyc
/home/kan/lab/course/install/go2_mcp_server/lib/python3.10/site-packages/go2_mcp_server/__pycache__/__init__.cpython-310.pyc
/home/kan/lab/course/install/go2_mcp_server/lib/python3.10/site-packages/go2_mcp_server/__pycache__/detection_store.cpython-310.pyc
/home/kan/lab/course/install/go2_mcp_server/share/ament_index/resource_index/packages/go2_mcp_server
/home/kan/lab/course/install/go2_mcp_server/share/go2_mcp_server/package.xml
/home/kan/lab/course/install/go2_mcp_server/lib/python3.10/site-packages/go2_mcp_server-0.1.0-py3.10.egg-info/dependency_links.txt
/home/kan/lab/course/install/go2_mcp_server/lib/python3.10/site-packages/go2_mcp_server-0.1.0-py3.10.egg-info/entry_points.txt
/home/kan/lab/course/install/go2_mcp_server/lib/python3.10/site-packages/go2_mcp_server-0.1.0-py3.10.egg-info/requires.txt
/home/kan/lab/course/install/go2_mcp_server/lib/python3.10/site-packages/go2_mcp_server-0.1.0-py3.10.egg-info/SOURCES.txt
/home/kan/lab/course/install/go2_mcp_server/lib/python3.10/site-packages/go2_mcp_server-0.1.0-py3.10.egg-info/PKG-INFO
/home/kan/lab/course/install/go2_mcp_server/lib/python3.10/site-packages/go2_mcp_server-0.1.0-py3.10.egg-info/top_level.txt
/home/kan/lab/course/install/go2_mcp_server/lib/python3.10/site-packages/go2_mcp_server-0.1.0-py3.10.egg-info/zip-safe
/home/kan/lab/course/install/go2_mcp_server/lib/go2_mcp_server/go2_mcp_server
