[0.193s] Invoking command in '/home/kan/lab/course/build/go2_navigation': CMAKE_PREFIX_PATH=/opt/ros/humble /usr/bin/cmake /home/kan/lab/course/src/go2_navigation -DCMAKE_INSTALL_PREFIX=/home/kan/lab/course/install/go2_navigation
[0.236s] -- The C compiler identification is GNU 11.4.0
[0.286s] -- The CXX compiler identification is GNU 11.4.0
[0.296s] -- Detecting C compiler ABI info
[0.342s] -- Detecting C compiler ABI info - done
[0.348s] -- Check for working C compiler: /usr/lib/ccache/cc - skipped
[0.348s] -- Detecting C compile features
[0.349s] -- Detecting C compile features - done
[0.351s] -- Detecting CXX compiler ABI info
[0.403s] -- Detecting CXX compiler ABI info - done
[0.412s] -- Check for working CXX compiler: /usr/lib/ccache/c++ - skipped
[0.413s] -- Detecting CXX compile features
[0.413s] -- Detecting CXX compile features - done
[0.415s] -- Found ament_cmake: 1.3.12 (/opt/ros/humble/share/ament_cmake/cmake)
[0.735s] -- Found Python3: /usr/bin/python3 (found version "3.10.12") found components: Interpreter 
[0.867s] -- Configuring done
[0.870s] -- Generating done
[0.872s] -- Build files have been written to: /home/kan/lab/course/build/go2_navigation
[0.878s] Invoked command in '/home/kan/lab/course/build/go2_navigation' returned '0': CMAKE_PREFIX_PATH=/opt/ros/humble /usr/bin/cmake /home/kan/lab/course/src/go2_navigation -DCMAKE_INSTALL_PREFIX=/home/kan/lab/course/install/go2_navigation
[0.879s] Invoking command in '/home/kan/lab/course/build/go2_navigation': CMAKE_PREFIX_PATH=/opt/ros/humble /usr/bin/cmake --build /home/kan/lab/course/build/go2_navigation -- -j8 -l8
[0.906s] Invoked command in '/home/kan/lab/course/build/go2_navigation' returned '0': CMAKE_PREFIX_PATH=/opt/ros/humble /usr/bin/cmake --build /home/kan/lab/course/build/go2_navigation -- -j8 -l8
[0.913s] Invoking command in '/home/kan/lab/course/build/go2_navigation': CMAKE_PREFIX_PATH=/opt/ros/humble /usr/bin/cmake --install /home/kan/lab/course/build/go2_navigation
[0.919s] -- Install configuration: ""
[0.919s] -- Installing: /home/kan/lab/course/install/go2_navigation/share/go2_navigation/launch
[0.919s] -- Installing: /home/kan/lab/course/install/go2_navigation/share/go2_navigation/launch/slam.launch.py
[0.919s] -- Installing: /home/kan/lab/course/install/go2_navigation/share/go2_navigation/launch/slam_junior.launch.py
[0.920s] -- Installing: /home/kan/lab/course/install/go2_navigation/share/go2_navigation/launch/nav2.launch.py
[0.920s] -- Installing: /home/kan/lab/course/install/go2_navigation/share/go2_navigation/launch/nav2_junior.launch.py
[0.920s] -- Installing: /home/kan/lab/course/install/go2_navigation/share/go2_navigation/config
[0.920s] -- Installing: /home/kan/lab/course/install/go2_navigation/share/go2_navigation/config/nav2_params_junior.yaml
[0.920s] -- Installing: /home/kan/lab/course/install/go2_navigation/share/go2_navigation/config/nav2_params.yaml
[0.920s] -- Installing: /home/kan/lab/course/install/go2_navigation/share/go2_navigation/config/mapper_params_junior.yaml
[0.920s] -- Installing: /home/kan/lab/course/install/go2_navigation/share/go2_navigation/config/mapper_params_online_async.yaml
[0.921s] -- Installing: /home/kan/lab/course/install/go2_navigation/share/go2_navigation/maps
[0.921s] -- Installing: /home/kan/lab/course/install/go2_navigation/share/go2_navigation/maps/go2_world_map.yaml
[0.921s] -- Installing: /home/kan/lab/course/install/go2_navigation/share/go2_navigation/maps/junior_world_map.yaml
[0.921s] -- Installing: /home/kan/lab/course/install/go2_navigation/share/go2_navigation/maps/junior_world_map.pgm
[0.922s] -- Installing: /home/kan/lab/course/install/go2_navigation/share/go2_navigation/maps/go2_world_map.pgm
[0.922s] -- Installing: /home/kan/lab/course/install/go2_navigation/share/go2_navigation/rviz
[0.922s] -- Installing: /home/kan/lab/course/install/go2_navigation/share/go2_navigation/rviz/go2_nav_view.rviz
[0.922s] -- Installing: /home/kan/lab/course/install/go2_navigation/share/ament_index/resource_index/package_run_dependencies/go2_navigation
[0.923s] -- Installing: /home/kan/lab/course/install/go2_navigation/share/ament_index/resource_index/parent_prefix_path/go2_navigation
[0.923s] -- Installing: /home/kan/lab/course/install/go2_navigation/share/go2_navigation/environment/ament_prefix_path.sh
[0.923s] -- Installing: /home/kan/lab/course/install/go2_navigation/share/go2_navigation/environment/ament_prefix_path.dsv
[0.923s] -- Installing: /home/kan/lab/course/install/go2_navigation/share/go2_navigation/environment/path.sh
[0.923s] -- Installing: /home/kan/lab/course/install/go2_navigation/share/go2_navigation/environment/path.dsv
[0.923s] -- Installing: /home/kan/lab/course/install/go2_navigation/share/go2_navigation/local_setup.bash
[0.923s] -- Installing: /home/kan/lab/course/install/go2_navigation/share/go2_navigation/local_setup.sh
[0.923s] -- Installing: /home/kan/lab/course/install/go2_navigation/share/go2_navigation/local_setup.zsh
[0.923s] -- Installing: /home/kan/lab/course/install/go2_navigation/share/go2_navigation/local_setup.dsv
[0.923s] -- Installing: /home/kan/lab/course/install/go2_navigation/share/go2_navigation/package.dsv
[0.923s] -- Installing: /home/kan/lab/course/install/go2_navigation/share/ament_index/resource_index/packages/go2_navigation
[0.923s] -- Installing: /home/kan/lab/course/install/go2_navigation/share/go2_navigation/cmake/go2_navigationConfig.cmake
[0.923s] -- Installing: /home/kan/lab/course/install/go2_navigation/share/go2_navigation/cmake/go2_navigationConfig-version.cmake
[0.923s] -- Installing: /home/kan/lab/course/install/go2_navigation/share/go2_navigation/package.xml
[0.924s] Invoked command in '/home/kan/lab/course/build/go2_navigation' returned '0': CMAKE_PREFIX_PATH=/opt/ros/humble /usr/bin/cmake --install /home/kan/lab/course/build/go2_navigation
