[0.716s] Invoking command in '/home/kan/lab/course/unitree_go2_ros2_jazzy1/unitree_go2_ros2_jazzy/yolo_ros/yolo_ros': AMENT_PREFIX_PATH=/home/kan/lab/course/unitree_go2_ros2_jazzy1/install/yolo_msgs:${AMENT_PREFIX_PATH} CMAKE_PREFIX_PATH=/home/kan/lab/course/unitree_go2_ros2_jazzy1/install/yolo_msgs LD_LIBRARY_PATH=/home/kan/lab/course/unitree_go2_ros2_jazzy1/install/yolo_msgs/lib:${LD_LIBRARY_PATH} PYTHONPATH=/home/kan/lab/course/unitree_go2_ros2_jazzy1/build/yolo_ros/prefix_override:/usr/lib/python3/dist-packages/colcon_core/task/python/colcon_distutils_commands:/home/kan/lab/course/unitree_go2_ros2_jazzy1/install/yolo_ros/lib/python3.10/site-packages:/home/kan/lab/course/unitree_go2_ros2_jazzy1/install/yolo_msgs/local/lib/python3.10/dist-packages:${PYTHONPATH} /usr/bin/python3 -W ignore:setup.py install is deprecated -W ignore:easy_install command is deprecated setup.py egg_info --egg-base ../../../build/yolo_ros build --build-base /home/kan/lab/course/unitree_go2_ros2_jazzy1/build/yolo_ros/build install --record /home/kan/lab/course/unitree_go2_ros2_jazzy1/build/yolo_ros/install.log --single-version-externally-managed install_data
[0.976s] running egg_info
[0.994s] creating ../../../build/yolo_ros/yolo_ros.egg-info
[0.995s] writing ../../../build/yolo_ros/yolo_ros.egg-info/PKG-INFO
[0.995s] writing dependency_links to ../../../build/yolo_ros/yolo_ros.egg-info/dependency_links.txt
[0.995s] writing entry points to ../../../build/yolo_ros/yolo_ros.egg-info/entry_points.txt
[0.995s] writing requirements to ../../../build/yolo_ros/yolo_ros.egg-info/requires.txt
[0.996s] writing top-level names to ../../../build/yolo_ros/yolo_ros.egg-info/top_level.txt
[0.996s] writing manifest file '../../../build/yolo_ros/yolo_ros.egg-info/SOURCES.txt'
[1.034s] reading manifest file '../../../build/yolo_ros/yolo_ros.egg-info/SOURCES.txt'
[1.035s] writing manifest file '../../../build/yolo_ros/yolo_ros.egg-info/SOURCES.txt'
[1.035s] running build
[1.036s] running build_py
[1.036s] creating /home/kan/lab/course/unitree_go2_ros2_jazzy1/build/yolo_ros/build/lib/yolo_ros
[1.036s] copying yolo_ros/detect_3d_node.py -> /home/kan/lab/course/unitree_go2_ros2_jazzy1/build/yolo_ros/build/lib/yolo_ros
[1.036s] copying yolo_ros/yolo_node.py -> /home/kan/lab/course/unitree_go2_ros2_jazzy1/build/yolo_ros/build/lib/yolo_ros
[1.036s] copying yolo_ros/tracking_node.py -> /home/kan/lab/course/unitree_go2_ros2_jazzy1/build/yolo_ros/build/lib/yolo_ros
[1.036s] copying yolo_ros/__init__.py -> /home/kan/lab/course/unitree_go2_ros2_jazzy1/build/yolo_ros/build/lib/yolo_ros
[1.037s] copying yolo_ros/debug_node.py -> /home/kan/lab/course/unitree_go2_ros2_jazzy1/build/yolo_ros/build/lib/yolo_ros
[1.037s] running install
[1.041s] running install_lib
[1.060s] creating /home/kan/lab/course/unitree_go2_ros2_jazzy1/install/yolo_ros/lib/python3.10/site-packages/yolo_ros
[1.060s] copying /home/kan/lab/course/unitree_go2_ros2_jazzy1/build/yolo_ros/build/lib/yolo_ros/detect_3d_node.py -> /home/kan/lab/course/unitree_go2_ros2_jazzy1/install/yolo_ros/lib/python3.10/site-packages/yolo_ros
[1.060s] copying /home/kan/lab/course/unitree_go2_ros2_jazzy1/build/yolo_ros/build/lib/yolo_ros/yolo_node.py -> /home/kan/lab/course/unitree_go2_ros2_jazzy1/install/yolo_ros/lib/python3.10/site-packages/yolo_ros
[1.060s] copying /home/kan/lab/course/unitree_go2_ros2_jazzy1/build/yolo_ros/build/lib/yolo_ros/tracking_node.py -> /home/kan/lab/course/unitree_go2_ros2_jazzy1/install/yolo_ros/lib/python3.10/site-packages/yolo_ros
[1.060s] copying /home/kan/lab/course/unitree_go2_ros2_jazzy1/build/yolo_ros/build/lib/yolo_ros/__init__.py -> /home/kan/lab/course/unitree_go2_ros2_jazzy1/install/yolo_ros/lib/python3.10/site-packages/yolo_ros
[1.060s] copying /home/kan/lab/course/unitree_go2_ros2_jazzy1/build/yolo_ros/build/lib/yolo_ros/debug_node.py -> /home/kan/lab/course/unitree_go2_ros2_jazzy1/install/yolo_ros/lib/python3.10/site-packages/yolo_ros
[1.061s] byte-compiling /home/kan/lab/course/unitree_go2_ros2_jazzy1/install/yolo_ros/lib/python3.10/site-packages/yolo_ros/detect_3d_node.py to detect_3d_node.cpython-310.pyc
[1.066s] byte-compiling /home/kan/lab/course/unitree_go2_ros2_jazzy1/install/yolo_ros/lib/python3.10/site-packages/yolo_ros/yolo_node.py to yolo_node.cpython-310.pyc
[1.067s] byte-compiling /home/kan/lab/course/unitree_go2_ros2_jazzy1/install/yolo_ros/lib/python3.10/site-packages/yolo_ros/tracking_node.py to tracking_node.cpython-310.pyc
[1.068s] byte-compiling /home/kan/lab/course/unitree_go2_ros2_jazzy1/install/yolo_ros/lib/python3.10/site-packages/yolo_ros/__init__.py to __init__.cpython-310.pyc
[1.068s] byte-compiling /home/kan/lab/course/unitree_go2_ros2_jazzy1/install/yolo_ros/lib/python3.10/site-packages/yolo_ros/debug_node.py to debug_node.cpython-310.pyc
[1.070s] running install_data
[1.070s] creating /home/kan/lab/course/unitree_go2_ros2_jazzy1/install/yolo_ros/share/ament_index/resource_index/packages
[1.071s] copying resource/yolo_ros -> /home/kan/lab/course/unitree_go2_ros2_jazzy1/install/yolo_ros/share/ament_index/resource_index/packages
[1.071s] copying package.xml -> /home/kan/lab/course/unitree_go2_ros2_jazzy1/install/yolo_ros/share/yolo_ros
[1.071s] copying ../pyproject.toml -> /home/kan/lab/course/unitree_go2_ros2_jazzy1/install/yolo_ros/share/yolo_ros
[1.071s] running install_egg_info
[1.091s] Copying ../../../build/yolo_ros/yolo_ros.egg-info to /home/kan/lab/course/unitree_go2_ros2_jazzy1/install/yolo_ros/lib/python3.10/site-packages/yolo_ros-4.6.1-py3.10.egg-info
[1.091s] running install_scripts
[1.130s] Installing debug_node script to /home/kan/lab/course/unitree_go2_ros2_jazzy1/install/yolo_ros/lib/yolo_ros
[1.130s] Installing detect_3d_node script to /home/kan/lab/course/unitree_go2_ros2_jazzy1/install/yolo_ros/lib/yolo_ros
[1.130s] Installing tracking_node script to /home/kan/lab/course/unitree_go2_ros2_jazzy1/install/yolo_ros/lib/yolo_ros
[1.131s] Installing yolo_node script to /home/kan/lab/course/unitree_go2_ros2_jazzy1/install/yolo_ros/lib/yolo_ros
[1.131s] writing list of installed files to '/home/kan/lab/course/unitree_go2_ros2_jazzy1/build/yolo_ros/install.log'
[1.155s] Invoked command in '/home/kan/lab/course/unitree_go2_ros2_jazzy1/unitree_go2_ros2_jazzy/yolo_ros/yolo_ros' returned '0': AMENT_PREFIX_PATH=/home/kan/lab/course/unitree_go2_ros2_jazzy1/install/yolo_msgs:${AMENT_PREFIX_PATH} CMAKE_PREFIX_PATH=/home/kan/lab/course/unitree_go2_ros2_jazzy1/install/yolo_msgs LD_LIBRARY_PATH=/home/kan/lab/course/unitree_go2_ros2_jazzy1/install/yolo_msgs/lib:${LD_LIBRARY_PATH} PYTHONPATH=/home/kan/lab/course/unitree_go2_ros2_jazzy1/build/yolo_ros/prefix_override:/usr/lib/python3/dist-packages/colcon_core/task/python/colcon_distutils_commands:/home/kan/lab/course/unitree_go2_ros2_jazzy1/install/yolo_ros/lib/python3.10/site-packages:/home/kan/lab/course/unitree_go2_ros2_jazzy1/install/yolo_msgs/local/lib/python3.10/dist-packages:${PYTHONPATH} /usr/bin/python3 -W ignore:setup.py install is deprecated -W ignore:easy_install command is deprecated setup.py egg_info --egg-base ../../../build/yolo_ros build --build-base /home/kan/lab/course/unitree_go2_ros2_jazzy1/build/yolo_ros/build install --record /home/kan/lab/course/unitree_go2_ros2_jazzy1/build/yolo_ros/install.log --single-version-externally-managed install_data
