/home/kan/lab/course/install/go2_llm_nav/lib/python3.10/site-packages/go2_llm_nav/__init__.py
/home/kan/lab/course/install/go2_llm_nav/lib/python3.10/site-packages/go2_llm_nav/web_ui.py
/home/kan/lab/course/install/go2_llm_nav/lib/python3.10/site-packages/go2_llm_nav/agent.py
/home/kan/lab/course/install/go2_llm_nav/lib/python3.10/site-packages/go2_llm_nav/desktop_ui.py
/home/kan/lab/course/install/go2_llm_nav/lib/python3.10/site-packages/go2_llm_nav/__pycache__/__init__.cpython-310.pyc
/home/kan/lab/course/install/go2_llm_nav/lib/python3.10/site-packages/go2_llm_nav/__pycache__/web_ui.cpython-310.pyc
/home/kan/lab/course/install/go2_llm_nav/lib/python3.10/site-packages/go2_llm_nav/__pycache__/agent.cpython-310.pyc
/home/kan/lab/course/install/go2_llm_nav/lib/python3.10/site-packages/go2_llm_nav/__pycache__/desktop_ui.cpython-310.pyc
/home/kan/lab/course/install/go2_llm_nav/share/ament_index/resource_index/packages/go2_llm_nav
/home/kan/lab/course/install/go2_llm_nav/share/go2_llm_nav/package.xml
/home/kan/lab/course/install/go2_llm_nav/lib/python3.10/site-packages/go2_llm_nav-0.1.0-py3.10.egg-info/dependency_links.txt
/home/kan/lab/course/install/go2_llm_nav/lib/python3.10/site-packages/go2_llm_nav-0.1.0-py3.10.egg-info/entry_points.txt
/home/kan/lab/course/install/go2_llm_nav/lib/python3.10/site-packages/go2_llm_nav-0.1.0-py3.10.egg-info/requires.txt
/home/kan/lab/course/install/go2_llm_nav/lib/python3.10/site-packages/go2_llm_nav-0.1.0-py3.10.egg-info/SOURCES.txt
/home/kan/lab/course/install/go2_llm_nav/lib/python3.10/site-packages/go2_llm_nav-0.1.0-py3.10.egg-info/PKG-INFO
/home/kan/lab/course/install/go2_llm_nav/lib/python3.10/site-packages/go2_llm_nav-0.1.0-py3.10.egg-info/top_level.txt
/home/kan/lab/course/install/go2_llm_nav/lib/python3.10/site-packages/go2_llm_nav-0.1.0-py3.10.egg-info/zip-safe
/home/kan/lab/course/install/go2_llm_nav/lib/go2_llm_nav/go2_llm_nav
/home/kan/lab/course/install/go2_llm_nav/lib/go2_llm_nav/go2_llm_nav_gui
/home/kan/lab/course/install/go2_llm_nav/lib/go2_llm_nav/go2_llm_nav_web
