-- The C compiler identification is GNU 11.4.0
-- The CXX compiler identification is GNU 11.4.0
-- Detecting C compiler ABI info
-- Detecting C compiler ABI info - done
-- Check for working C compiler: /usr/lib/ccache/cc - skipped
-- Detecting C compile features
-- Detecting C compile features - done
-- Detecting CXX compiler ABI info
-- Detecting CXX compiler ABI info - done
-- Check for working CXX compiler: /usr/lib/ccache/c++ - skipped
-- Detecting CXX compile features
-- Detecting CXX compile features - done
-- Found ament_cmake: 1.3.12 (/opt/ros/humble/share/ament_cmake/cmake)
-- Found Python3: /usr/bin/python3 (found version "3.10.12") found components: Interpreter 
-- Found rclpy: 3.3.19 (/opt/ros/humble/share/rclpy/cmake)
-- Found ament_lint_auto: 0.12.14 (/opt/ros/humble/share/ament_lint_auto/cmake)
-- Found Boost: /usr/lib/x86_64-linux-gnu/cmake/Boost-1.74.0/BoostConfig.cmake (found version "1.74.0")  
-- Found controller_manager: 2.54.0 (/opt/ros/humble/share/controller_manager/cmake)
-- Found rosidl_generator_c: 3.1.7 (/opt/ros/humble/share/rosidl_generator_c/cmake)
-- Found rosidl_adapter: 3.1.7 (/opt/ros/humble/share/rosidl_adapter/cmake)
-- Found rosidl_generator_cpp: 3.1.7 (/opt/ros/humble/share/rosidl_generator_cpp/cmake)
-- Using all available rosidl_typesupport_c: rosidl_typesupport_fastrtps_c;rosidl_typesupport_introspection_c
-- Using all available rosidl_typesupport_cpp: rosidl_typesupport_fastrtps_cpp;rosidl_typesupport_introspection_cpp
-- Found rmw_implementation_cmake: 6.1.2 (/opt/ros/humble/share/rmw_implementation_cmake/cmake)
-- Found rmw_fastrtps_cpp: 6.2.9 (/opt/ros/humble/share/rmw_fastrtps_cpp/cmake)
-- Found TinyXML2 via Config file: TinyXML2_DIR-NOTFOUND
-- Found OpenSSL: /usr/lib/x86_64-linux-gnu/libcrypto.so (found version "3.0.2")  
-- Found TinyXML2 via Config file: TinyXML2_DIR-NOTFOUND
-- Found FastRTPS: /opt/ros/humble/include  
-- Found TinyXML2 via Config file: TinyXML2_DIR-NOTFOUND
-- Found TinyXML2 via Config file: TinyXML2_DIR-NOTFOUND
-- Using RMW implementation 'rmw_fastrtps_cpp' as default
-- Looking for pthread.h
-- Looking for pthread.h - found
-- Performing Test CMAKE_HAVE_LIBC_PTHREAD
-- Performing Test CMAKE_HAVE_LIBC_PTHREAD - Success
-- Found Threads: TRUE  
-- Found joint_trajectory_controller: 2.53.3 (/opt/ros/humble/share/joint_trajectory_controller/cmake)
-- Found robot_state_publisher: 3.0.3 (/opt/ros/humble/share/robot_state_publisher/cmake)
-- Found eigen3_cmake_module: 0.1.1 (/opt/ros/humble/share/eigen3_cmake_module/cmake)
-- Found Eigen3: TRUE (found version "3.4.0") 
-- Ensuring Eigen3 include directory is part of orocos-kdl CMake target
-- Found nav_msgs: 4.9.0 (/opt/ros/humble/share/nav_msgs/cmake)
-- Found ros2_unitree_legged_msgs: 0.4.0 (/home/kan/lab/course/unitree_go2_ros2_jazzy1/install/ros2_unitree_legged_msgs/share/ros2_unitree_legged_msgs/cmake)
-- Added test 'cppcheck' to perform static code analysis on C / C++ code
-- Configured cppcheck include dirs: /home/kan/lab/course/unitree_go2_ros2_jazzy1/unitree_go2_ros2_jazzy/unitree_guide2/include
-- Configured cppcheck exclude dirs and/or files: 
-- Added test 'lint_cmake' to check CMake code style
-- Added test 'uncrustify' to check C / C++ code style
-- Configured uncrustify additional arguments: 
-- Added test 'xmllint' to check XML markup files
-- Configuring done
-- Generating done
-- Build files have been written to: /home/kan/lab/course/unitree_go2_ros2_jazzy1/build/unitree_guide2
[ 18%] Building CXX object CMakeFiles/junior_ctrl.dir/src/FSM/State_FreeStand.cpp.o
[ 18%] Building CXX object CMakeFiles/junior_ctrl.dir/src/FSM/FSM.cpp.o
[ 18%] Building CXX object CMakeFiles/junior_ctrl.dir/src/FSM/State_BalanceTest.cpp.o
[ 18%] Building CXX object CMakeFiles/junior_ctrl.dir/src/main.cpp.o
[ 18%] Building CXX object CMakeFiles/junior_ctrl.dir/src/FSM/State_FixedStand.cpp.o
[ 22%] Building CXX object CMakeFiles/junior_ctrl.dir/src/FSM/FSMState.cpp.o
[ 25%] Building CXX object CMakeFiles/junior_ctrl.dir/src/FSM/State_Passive.cpp.o
[ 29%] Building CXX object CMakeFiles/junior_ctrl.dir/src/FSM/State_StepTest.cpp.o
[ 33%] Building CXX object CMakeFiles/junior_ctrl.dir/src/Gait/FeetEndCal.cpp.o
[ 37%] Building CXX object CMakeFiles/junior_ctrl.dir/src/Gait/WaveGenerator.cpp.o
[ 40%] Building CXX object CMakeFiles/junior_ctrl.dir/src/Gait/GaitGenerator.cpp.o
[ 44%] Building CXX object CMakeFiles/junior_ctrl.dir/src/common/LowPassFilter.cpp.o
[ 48%] Building CXX object CMakeFiles/junior_ctrl.dir/src/FSM/State_SwingTest.cpp.o
[ 51%] Building CXX object CMakeFiles/junior_ctrl.dir/src/FSM/State_move_base.cpp.o
[ 55%] Building CXX object CMakeFiles/junior_ctrl.dir/src/FSM/State_Trotting.cpp.o
[ 59%] Building CXX object CMakeFiles/junior_ctrl.dir/src/common/unitreeLeg.cpp.o
[ 62%] Building CXX object CMakeFiles/junior_ctrl.dir/src/common/unitreeRobot.cpp.o
[ 66%] Building CXX object CMakeFiles/junior_ctrl.dir/src/control/BalanceCtrl.cpp.o
[ 70%] Building CXX object CMakeFiles/junior_ctrl.dir/src/control/ControlFrame.cpp.o
[ 74%] Building CXX object CMakeFiles/junior_ctrl.dir/src/control/Estimator.cpp.o
[ 77%] Building CXX object CMakeFiles/junior_ctrl.dir/src/interface/IOROS.cpp.o
[ 81%] Building CXX object CMakeFiles/junior_ctrl.dir/src/interface/IOSDK.cpp.o
[ 85%] Building CXX object CMakeFiles/junior_ctrl.dir/src/interface/KeyBoard.cpp.o
[ 88%] Building CXX object CMakeFiles/junior_ctrl.dir/src/quadProgpp/Array.cc.o
[ 92%] Building CXX object CMakeFiles/junior_ctrl.dir/src/interface/WirelessHandle.cpp.o
[ 96%] Building CXX object CMakeFiles/junior_ctrl.dir/src/quadProgpp/QuadProg++.cc.o
[100%] Linking CXX executable junior_ctrl
[100%] Built target junior_ctrl
-- Install configuration: ""
-- Installing: /home/kan/lab/course/unitree_go2_ros2_jazzy1/install/unitree_guide2/lib/unitree_guide2/junior_ctrl
-- Set runtime path of "/home/kan/lab/course/unitree_go2_ros2_jazzy1/install/unitree_guide2/lib/unitree_guide2/junior_ctrl" to ""
-- Installing: /home/kan/lab/course/unitree_go2_ros2_jazzy1/install/unitree_guide2/share/ament_index/resource_index/package_run_dependencies/unitree_guide2
-- Installing: /home/kan/lab/course/unitree_go2_ros2_jazzy1/install/unitree_guide2/share/ament_index/resource_index/parent_prefix_path/unitree_guide2
-- Installing: /home/kan/lab/course/unitree_go2_ros2_jazzy1/install/unitree_guide2/share/unitree_guide2/environment/ament_prefix_path.sh
-- Installing: /home/kan/lab/course/unitree_go2_ros2_jazzy1/install/unitree_guide2/share/unitree_guide2/environment/ament_prefix_path.dsv
-- Installing: /home/kan/lab/course/unitree_go2_ros2_jazzy1/install/unitree_guide2/share/unitree_guide2/environment/path.sh
-- Installing: /home/kan/lab/course/unitree_go2_ros2_jazzy1/install/unitree_guide2/share/unitree_guide2/environment/path.dsv
-- Installing: /home/kan/lab/course/unitree_go2_ros2_jazzy1/install/unitree_guide2/share/unitree_guide2/local_setup.bash
-- Installing: /home/kan/lab/course/unitree_go2_ros2_jazzy1/install/unitree_guide2/share/unitree_guide2/local_setup.sh
-- Installing: /home/kan/lab/course/unitree_go2_ros2_jazzy1/install/unitree_guide2/share/unitree_guide2/local_setup.zsh
-- Installing: /home/kan/lab/course/unitree_go2_ros2_jazzy1/install/unitree_guide2/share/unitree_guide2/local_setup.dsv
-- Installing: /home/kan/lab/course/unitree_go2_ros2_jazzy1/install/unitree_guide2/share/unitree_guide2/package.dsv
-- Installing: /home/kan/lab/course/unitree_go2_ros2_jazzy1/install/unitree_guide2/share/ament_index/resource_index/packages/unitree_guide2
-- Installing: /home/kan/lab/course/unitree_go2_ros2_jazzy1/install/unitree_guide2/share/unitree_guide2/cmake/unitree_guide2Config.cmake
-- Installing: /home/kan/lab/course/unitree_go2_ros2_jazzy1/install/unitree_guide2/share/unitree_guide2/cmake/unitree_guide2Config-version.cmake
-- Installing: /home/kan/lab/course/unitree_go2_ros2_jazzy1/install/unitree_guide2/share/unitree_guide2/package.xml
