[0.006s] Invoking command in '/home/kan/lab/course/unitree_go2_ros2_jazzy1/build/yolo_bringup': AMENT_PREFIX_PATH=/home/kan/lab/course/unitree_go2_ros2_jazzy1/install/yolo_ros:/home/kan/lab/course/unitree_go2_ros2_jazzy1/install/yolo_msgs:${AMENT_PREFIX_PATH} CMAKE_PREFIX_PATH=/home/kan/lab/course/unitree_go2_ros2_jazzy1/install/yolo_msgs:/opt/ros/humble LD_LIBRARY_PATH=/home/kan/lab/course/unitree_go2_ros2_jazzy1/install/yolo_msgs/lib:${LD_LIBRARY_PATH} PYTHONPATH=/home/kan/lab/course/unitree_go2_ros2_jazzy1/install/yolo_ros/lib/python3.10/site-packages:/home/kan/lab/course/unitree_go2_ros2_jazzy1/install/yolo_msgs/local/lib/python3.10/dist-packages:${PYTHONPATH} /usr/bin/cmake /home/kan/lab/course/unitree_go2_ros2_jazzy1/unitree_go2_ros2_jazzy/yolo_ros/yolo_bringup -DCMAKE_INSTALL_PREFIX=/home/kan/lab/course/unitree_go2_ros2_jazzy1/install/yolo_bringup
[0.047s] -- The C compiler identification is GNU 11.4.0
[0.094s] -- The CXX compiler identification is GNU 11.4.0
[0.101s] -- Detecting C compiler ABI info
[0.149s] -- Detecting C compiler ABI info - done
[0.155s] -- Check for working C compiler: /usr/lib/ccache/cc - skipped
[0.155s] -- Detecting C compile features
[0.155s] -- Detecting C compile features - done
[0.158s] -- Detecting CXX compiler ABI info
[0.211s] -- Detecting CXX compiler ABI info - done
[0.221s] -- Check for working CXX compiler: /usr/lib/ccache/c++ - skipped
[0.221s] -- Detecting CXX compile features
[0.222s] -- Detecting CXX compile features - done
[0.224s] -- Found ament_cmake: 1.3.12 (/opt/ros/humble/share/ament_cmake/cmake)
[0.553s] -- Found Python3: /usr/bin/python3 (found version "3.10.12") found components: Interpreter 
[0.689s] -- Configuring done
[0.691s] -- Generating done
[0.693s] -- Build files have been written to: /home/kan/lab/course/unitree_go2_ros2_jazzy1/build/yolo_bringup
[0.696s] Invoked command in '/home/kan/lab/course/unitree_go2_ros2_jazzy1/build/yolo_bringup' returned '0': AMENT_PREFIX_PATH=/home/kan/lab/course/unitree_go2_ros2_jazzy1/install/yolo_ros:/home/kan/lab/course/unitree_go2_ros2_jazzy1/install/yolo_msgs:${AMENT_PREFIX_PATH} CMAKE_PREFIX_PATH=/home/kan/lab/course/unitree_go2_ros2_jazzy1/install/yolo_msgs:/opt/ros/humble LD_LIBRARY_PATH=/home/kan/lab/course/unitree_go2_ros2_jazzy1/install/yolo_msgs/lib:${LD_LIBRARY_PATH} PYTHONPATH=/home/kan/lab/course/unitree_go2_ros2_jazzy1/install/yolo_ros/lib/python3.10/site-packages:/home/kan/lab/course/unitree_go2_ros2_jazzy1/install/yolo_msgs/local/lib/python3.10/dist-packages:${PYTHONPATH} /usr/bin/cmake /home/kan/lab/course/unitree_go2_ros2_jazzy1/unitree_go2_ros2_jazzy/yolo_ros/yolo_bringup -DCMAKE_INSTALL_PREFIX=/home/kan/lab/course/unitree_go2_ros2_jazzy1/install/yolo_bringup
[0.697s] Invoking command in '/home/kan/lab/course/unitree_go2_ros2_jazzy1/build/yolo_bringup': AMENT_PREFIX_PATH=/home/kan/lab/course/unitree_go2_ros2_jazzy1/install/yolo_ros:/home/kan/lab/course/unitree_go2_ros2_jazzy1/install/yolo_msgs:${AMENT_PREFIX_PATH} CMAKE_PREFIX_PATH=/home/kan/lab/course/unitree_go2_ros2_jazzy1/install/yolo_msgs:/opt/ros/humble LD_LIBRARY_PATH=/home/kan/lab/course/unitree_go2_ros2_jazzy1/install/yolo_msgs/lib:${LD_LIBRARY_PATH} PYTHONPATH=/home/kan/lab/course/unitree_go2_ros2_jazzy1/install/yolo_ros/lib/python3.10/site-packages:/home/kan/lab/course/unitree_go2_ros2_jazzy1/install/yolo_msgs/local/lib/python3.10/dist-packages:${PYTHONPATH} /usr/bin/cmake --build /home/kan/lab/course/unitree_go2_ros2_jazzy1/build/yolo_bringup -- -j8 -l8
[0.725s] Invoked command in '/home/kan/lab/course/unitree_go2_ros2_jazzy1/build/yolo_bringup' returned '0': AMENT_PREFIX_PATH=/home/kan/lab/course/unitree_go2_ros2_jazzy1/install/yolo_ros:/home/kan/lab/course/unitree_go2_ros2_jazzy1/install/yolo_msgs:${AMENT_PREFIX_PATH} CMAKE_PREFIX_PATH=/home/kan/lab/course/unitree_go2_ros2_jazzy1/install/yolo_msgs:/opt/ros/humble LD_LIBRARY_PATH=/home/kan/lab/course/unitree_go2_ros2_jazzy1/install/yolo_msgs/lib:${LD_LIBRARY_PATH} PYTHONPATH=/home/kan/lab/course/unitree_go2_ros2_jazzy1/install/yolo_ros/lib/python3.10/site-packages:/home/kan/lab/course/unitree_go2_ros2_jazzy1/install/yolo_msgs/local/lib/python3.10/dist-packages:${PYTHONPATH} /usr/bin/cmake --build /home/kan/lab/course/unitree_go2_ros2_jazzy1/build/yolo_bringup -- -j8 -l8
[0.726s] Invoking command in '/home/kan/lab/course/unitree_go2_ros2_jazzy1/build/yolo_bringup': AMENT_PREFIX_PATH=/home/kan/lab/course/unitree_go2_ros2_jazzy1/install/yolo_ros:/home/kan/lab/course/unitree_go2_ros2_jazzy1/install/yolo_msgs:${AMENT_PREFIX_PATH} CMAKE_PREFIX_PATH=/home/kan/lab/course/unitree_go2_ros2_jazzy1/install/yolo_msgs:/opt/ros/humble LD_LIBRARY_PATH=/home/kan/lab/course/unitree_go2_ros2_jazzy1/install/yolo_msgs/lib:${LD_LIBRARY_PATH} PYTHONPATH=/home/kan/lab/course/unitree_go2_ros2_jazzy1/install/yolo_ros/lib/python3.10/site-packages:/home/kan/lab/course/unitree_go2_ros2_jazzy1/install/yolo_msgs/local/lib/python3.10/dist-packages:${PYTHONPATH} /usr/bin/cmake --install /home/kan/lab/course/unitree_go2_ros2_jazzy1/build/yolo_bringup
[0.733s] -- Install configuration: ""
[0.733s] -- Installing: /home/kan/lab/course/unitree_go2_ros2_jazzy1/install/yolo_bringup/share/yolo_bringup//launch
[0.733s] -- Installing: /home/kan/lab/course/unitree_go2_ros2_jazzy1/install/yolo_bringup/share/yolo_bringup//launch/yolo.launch.py
[0.733s] -- Installing: /home/kan/lab/course/unitree_go2_ros2_jazzy1/install/yolo_bringup/share/yolo_bringup//launch/yolov8.launch.py
[0.733s] -- Installing: /home/kan/lab/course/unitree_go2_ros2_jazzy1/install/yolo_bringup/share/yolo_bringup//launch/yolov26.launch.py
[0.733s] -- Installing: /home/kan/lab/course/unitree_go2_ros2_jazzy1/install/yolo_bringup/share/yolo_bringup//launch/yolov12.launch.py
[0.734s] -- Installing: /home/kan/lab/course/unitree_go2_ros2_jazzy1/install/yolo_bringup/share/yolo_bringup//launch/yolov9.launch.py
[0.734s] -- Installing: /home/kan/lab/course/unitree_go2_ros2_jazzy1/install/yolo_bringup/share/yolo_bringup//launch/yolo-world.launch.py
[0.734s] -- Installing: /home/kan/lab/course/unitree_go2_ros2_jazzy1/install/yolo_bringup/share/yolo_bringup//launch/yolov11.launch.py
[0.734s] -- Installing: /home/kan/lab/course/unitree_go2_ros2_jazzy1/install/yolo_bringup/share/yolo_bringup//launch/yolov5.launch.py
[0.734s] -- Installing: /home/kan/lab/course/unitree_go2_ros2_jazzy1/install/yolo_bringup/share/yolo_bringup//launch/yolov10.launch.py
[0.734s] -- Installing: /home/kan/lab/course/unitree_go2_ros2_jazzy1/install/yolo_bringup/share/yolo_bringup//launch/yoloe.launch.py
[0.734s] -- Installing: /home/kan/lab/course/unitree_go2_ros2_jazzy1/install/yolo_bringup/share/ament_index/resource_index/package_run_dependencies/yolo_bringup
[0.734s] -- Installing: /home/kan/lab/course/unitree_go2_ros2_jazzy1/install/yolo_bringup/share/ament_index/resource_index/parent_prefix_path/yolo_bringup
[0.734s] -- Installing: /home/kan/lab/course/unitree_go2_ros2_jazzy1/install/yolo_bringup/share/yolo_bringup/environment/ament_prefix_path.sh
[0.734s] -- Installing: /home/kan/lab/course/unitree_go2_ros2_jazzy1/install/yolo_bringup/share/yolo_bringup/environment/ament_prefix_path.dsv
[0.734s] -- Installing: /home/kan/lab/course/unitree_go2_ros2_jazzy1/install/yolo_bringup/share/yolo_bringup/environment/path.sh
[0.734s] -- Installing: /home/kan/lab/course/unitree_go2_ros2_jazzy1/install/yolo_bringup/share/yolo_bringup/environment/path.dsv
[0.734s] -- Installing: /home/kan/lab/course/unitree_go2_ros2_jazzy1/install/yolo_bringup/share/yolo_bringup/local_setup.bash
[0.734s] -- Installing: /home/kan/lab/course/unitree_go2_ros2_jazzy1/install/yolo_bringup/share/yolo_bringup/local_setup.sh
[0.735s] -- Installing: /home/kan/lab/course/unitree_go2_ros2_jazzy1/install/yolo_bringup/share/yolo_bringup/local_setup.zsh
[0.735s] -- Installing: /home/kan/lab/course/unitree_go2_ros2_jazzy1/install/yolo_bringup/share/yolo_bringup/local_setup.dsv
[0.735s] -- Installing: /home/kan/lab/course/unitree_go2_ros2_jazzy1/install/yolo_bringup/share/yolo_bringup/package.dsv
[0.735s] -- Installing: /home/kan/lab/course/unitree_go2_ros2_jazzy1/install/yolo_bringup/share/ament_index/resource_index/packages/yolo_bringup
[0.735s] -- Installing: /home/kan/lab/course/unitree_go2_ros2_jazzy1/install/yolo_bringup/share/yolo_bringup/cmake/yolo_bringupConfig.cmake
[0.735s] -- Installing: /home/kan/lab/course/unitree_go2_ros2_jazzy1/install/yolo_bringup/share/yolo_bringup/cmake/yolo_bringupConfig-version.cmake
[0.735s] -- Installing: /home/kan/lab/course/unitree_go2_ros2_jazzy1/install/yolo_bringup/share/yolo_bringup/package.xml
[0.737s] Invoked command in '/home/kan/lab/course/unitree_go2_ros2_jazzy1/build/yolo_bringup' returned '0': AMENT_PREFIX_PATH=/home/kan/lab/course/unitree_go2_ros2_jazzy1/install/yolo_ros:/home/kan/lab/course/unitree_go2_ros2_jazzy1/install/yolo_msgs:${AMENT_PREFIX_PATH} CMAKE_PREFIX_PATH=/home/kan/lab/course/unitree_go2_ros2_jazzy1/install/yolo_msgs:/opt/ros/humble LD_LIBRARY_PATH=/home/kan/lab/course/unitree_go2_ros2_jazzy1/install/yolo_msgs/lib:${LD_LIBRARY_PATH} PYTHONPATH=/home/kan/lab/course/unitree_go2_ros2_jazzy1/install/yolo_ros/lib/python3.10/site-packages:/home/kan/lab/course/unitree_go2_ros2_jazzy1/install/yolo_msgs/local/lib/python3.10/dist-packages:${PYTHONPATH} /usr/bin/cmake --install /home/kan/lab/course/unitree_go2_ros2_jazzy1/build/yolo_bringup
