-- The CXX compiler identification is GNU 11.4.0
-- Detecting CXX compiler ABI info
-- Detecting CXX compiler ABI info - done
-- Check for working CXX compiler: /usr/lib/ccache/c++ - skipped
-- Detecting CXX compile features
-- Detecting CXX compile features - done
-- Found ament_cmake: 1.3.12 (/opt/ros/humble/share/ament_cmake/cmake)
-- Found Python3: /usr/bin/python3 (found version "3.10.12") found components: Interpreter 
-- Found ros2_unitree_legged_msgs: 0.4.0 (/home/kan/lab/course/unitree_go2_ros2_jazzy1/install/ros2_unitree_legged_msgs/share/ros2_unitree_legged_msgs/cmake)
-- Found rosidl_generator_c: 3.1.7 (/opt/ros/humble/share/rosidl_generator_c/cmake)
-- Found rosidl_adapter: 3.1.7 (/opt/ros/humble/share/rosidl_adapter/cmake)
-- Found rosidl_generator_cpp: 3.1.7 (/opt/ros/humble/share/rosidl_generator_cpp/cmake)
-- Using all available rosidl_typesupport_c: rosidl_typesupport_fastrtps_c;rosidl_typesupport_introspection_c
-- Using all available rosidl_typesupport_cpp: rosidl_typesupport_fastrtps_cpp;rosidl_typesupport_introspection_cpp
-- Found control_toolbox: 3.7.0 (/opt/ros/humble/share/control_toolbox/cmake)
-- Found rmw_implementation_cmake: 6.1.2 (/opt/ros/humble/share/rmw_implementation_cmake/cmake)
-- Found rmw_fastrtps_cpp: 6.2.9 (/opt/ros/humble/share/rmw_fastrtps_cpp/cmake)
-- Found OpenSSL: /usr/lib/x86_64-linux-gnu/libcrypto.so (found version "3.0.2")  
-- Found FastRTPS: /opt/ros/humble/include  
-- Using RMW implementation 'rmw_fastrtps_cpp' as default
-- Looking for C++ include pthread.h
-- Looking for C++ include pthread.h - found
-- Performing Test CMAKE_HAVE_LIBC_PTHREAD
-- Performing Test CMAKE_HAVE_LIBC_PTHREAD - Success
-- Found Threads: TRUE  
-- Found urdf: 2.6.1 (/opt/ros/humble/share/urdf/cmake)
-- Found controller_interface: 2.54.0 (/opt/ros/humble/share/controller_interface/cmake)
-- Configuring done
-- Generating done
-- Build files have been written to: /home/kan/lab/course/unitree_go2_ros2_jazzy1/build/ros2_unitree_legged_control
[ 25%] Running `/opt/ros/humble/bin/generate_parameter_library_cpp /home/kan/lab/course/unitree_go2_ros2_jazzy1/build/ros2_unitree_legged_control/include/ros2_unitree_legged_control/ros2_unitree_legged_control_parameters.hpp /home/kan/lab/course/unitree_go2_ros2_jazzy1/unitree_go2_ros2_jazzy/ros2_unitree_legged_controller/src/ros2_unitree_legged_control.yaml `
[ 50%] Creating deprecated header file /home/kan/lab/course/unitree_go2_ros2_jazzy1/build/ros2_unitree_legged_control/include/ros2_unitree_legged_control_parameters.hpp
[ 50%] Built target ros2_unitree_legged_control_parameters
[ 75%] Building CXX object CMakeFiles/ros2_unitree_legged_control.dir/src/ros2_unitree_legged_control.cpp.o
In file included from /home/kan/lab/course/unitree_go2_ros2_jazzy1/unitree_go2_ros2_jazzy/ros2_unitree_legged_controller/include/ros2_unitree_legged_control/ros2_unitree_legged_control.hpp:30,
                 from /home/kan/lab/course/unitree_go2_ros2_jazzy1/unitree_go2_ros2_jazzy/ros2_unitree_legged_controller/src/ros2_unitree_legged_control.cpp:21:
/home/kan/lab/course/unitree_go2_ros2_jazzy1/build/ros2_unitree_legged_control/include/ros2_unitree_legged_control_parameters.hpp:1:184: note: ‘#pragma message: #include "ros2_unitree_legged_control_parameters.hpp" is deprecated. Use #include <ros2_unitree_legged_control/ros2_unitree_legged_control_parameters.hpp> instead.’
    1 | #pragma message("#include \"ros2_unitree_legged_control_parameters.hpp\" is deprecated. Use #include <ros2_unitree_legged_control/ros2_unitree_legged_control_parameters.hpp> instead.")
      |                                                                                                                                                                                        ^
/home/kan/lab/course/unitree_go2_ros2_jazzy1/unitree_go2_ros2_jazzy/ros2_unitree_legged_controller/src/ros2_unitree_legged_control.cpp: In member function ‘virtual controller_interface::CallbackReturn ros2_unitree_legged_control::UnitreeLeggedController::on_configure(const rclcpp_lifecycle::State&)’:
/home/kan/lab/course/unitree_go2_ros2_jazzy1/unitree_go2_ros2_jazzy/ros2_unitree_legged_controller/src/ros2_unitree_legged_control.cpp:170:35: warning: unused parameter ‘previous_state’ [-Wunused-parameter]
  170 |   const rclcpp_lifecycle::State & previous_state)
      |   ~~~~~~~~~~~~~~~~~~~~~~~~~~~~~~~~^~~~~~~~~~~~~~
/home/kan/lab/course/unitree_go2_ros2_jazzy1/unitree_go2_ros2_jazzy/ros2_unitree_legged_controller/src/ros2_unitree_legged_control.cpp: In member function ‘virtual controller_interface::CallbackReturn ros2_unitree_legged_control::UnitreeLeggedController::on_activate(const rclcpp_lifecycle::State&)’:
/home/kan/lab/course/unitree_go2_ros2_jazzy1/unitree_go2_ros2_jazzy/ros2_unitree_legged_controller/src/ros2_unitree_legged_control.cpp:219:35: warning: unused parameter ‘previous_state’ [-Wunused-parameter]
  219 |   const rclcpp_lifecycle::State & previous_state)
      |   ~~~~~~~~~~~~~~~~~~~~~~~~~~~~~~~~^~~~~~~~~~~~~~
/home/kan/lab/course/unitree_go2_ros2_jazzy1/unitree_go2_ros2_jazzy/ros2_unitree_legged_controller/src/ros2_unitree_legged_control.cpp: In member function ‘virtual controller_interface::return_type ros2_unitree_legged_control::UnitreeLeggedController::update(const rclcpp::Time&, const rclcpp::Duration&)’:
/home/kan/lab/course/unitree_go2_ros2_jazzy1/unitree_go2_ros2_jazzy/ros2_unitree_legged_controller/src/ros2_unitree_legged_control.cpp:266:24: warning: unused parameter ‘time’ [-Wunused-parameter]
  266 |   const rclcpp::Time & time, const rclcpp::Duration & period)
      |   ~~~~~~~~~~~~~~~~~~~~~^~~~
/home/kan/lab/course/unitree_go2_ros2_jazzy1/unitree_go2_ros2_jazzy/ros2_unitree_legged_controller/src/ros2_unitree_legged_control.cpp:266:55: warning: unused parameter ‘period’ [-Wunused-parameter]
  266 |   const rclcpp::Time & time, const rclcpp::Duration & period)
      |                              ~~~~~~~~~~~~~~~~~~~~~~~~~^~~~~~
[100%] Linking CXX shared library libros2_unitree_legged_control.so
[100%] Built target ros2_unitree_legged_control
-- Install configuration: ""
-- Installing: /home/kan/lab/course/unitree_go2_ros2_jazzy1/install/ros2_unitree_legged_control/include/ros2_unitree_legged_control
-- Installing: /home/kan/lab/course/unitree_go2_ros2_jazzy1/install/ros2_unitree_legged_control/include/ros2_unitree_legged_control/ros2_unitree_legged_control_parameters.hpp
-- Installing: /home/kan/lab/course/unitree_go2_ros2_jazzy1/install/ros2_unitree_legged_control/share/ros2_unitree_legged_control/ros2_unitree_legged_control.xml
-- Up-to-date: /home/kan/lab/course/unitree_go2_ros2_jazzy1/install/ros2_unitree_legged_control/include/ros2_unitree_legged_control
-- Installing: /home/kan/lab/course/unitree_go2_ros2_jazzy1/install/ros2_unitree_legged_control/include/ros2_unitree_legged_control/ros2_unitree_legged_control
-- Installing: /home/kan/lab/course/unitree_go2_ros2_jazzy1/install/ros2_unitree_legged_control/include/ros2_unitree_legged_control/ros2_unitree_legged_control/unitree_joint_control_tool.h
-- Installing: /home/kan/lab/course/unitree_go2_ros2_jazzy1/install/ros2_unitree_legged_control/include/ros2_unitree_legged_control/ros2_unitree_legged_control/ros2_unitree_legged_control.hpp
-- Installing: /home/kan/lab/course/unitree_go2_ros2_jazzy1/install/ros2_unitree_legged_control/include/ros2_unitree_legged_control/ros2_unitree_legged_control/visibility_control.h
-- Installing: /home/kan/lab/course/unitree_go2_ros2_jazzy1/install/ros2_unitree_legged_control/lib/libros2_unitree_legged_control.so
-- Set runtime path of "/home/kan/lab/course/unitree_go2_ros2_jazzy1/install/ros2_unitree_legged_control/lib/libros2_unitree_legged_control.so" to "/home/kan/lab/course/unitree_go2_ros2_jazzy1/install/ros2_unitree_legged_control/lib"
-- Installing: /home/kan/lab/course/unitree_go2_ros2_jazzy1/install/ros2_unitree_legged_control/share/ros2_unitree_legged_control/environment/library_path.sh
-- Installing: /home/kan/lab/course/unitree_go2_ros2_jazzy1/install/ros2_unitree_legged_control/share/ros2_unitree_legged_control/environment/library_path.dsv
-- Up-to-date: /home/kan/lab/course/unitree_go2_ros2_jazzy1/install/ros2_unitree_legged_control/share/ros2_unitree_legged_control/ros2_unitree_legged_control.xml
-- Installing: /home/kan/lab/course/unitree_go2_ros2_jazzy1/install/ros2_unitree_legged_control/share/ament_index/resource_index/package_run_dependencies/ros2_unitree_legged_control
-- Installing: /home/kan/lab/course/unitree_go2_ros2_jazzy1/install/ros2_unitree_legged_control/share/ament_index/resource_index/parent_prefix_path/ros2_unitree_legged_control
-- Installing: /home/kan/lab/course/unitree_go2_ros2_jazzy1/install/ros2_unitree_legged_control/share/ros2_unitree_legged_control/environment/ament_prefix_path.sh
-- Installing: /home/kan/lab/course/unitree_go2_ros2_jazzy1/install/ros2_unitree_legged_control/share/ros2_unitree_legged_control/environment/ament_prefix_path.dsv
-- Installing: /home/kan/lab/course/unitree_go2_ros2_jazzy1/install/ros2_unitree_legged_control/share/ros2_unitree_legged_control/environment/path.sh
-- Installing: /home/kan/lab/course/unitree_go2_ros2_jazzy1/install/ros2_unitree_legged_control/share/ros2_unitree_legged_control/environment/path.dsv
-- Installing: /home/kan/lab/course/unitree_go2_ros2_jazzy1/install/ros2_unitree_legged_control/share/ros2_unitree_legged_control/local_setup.bash
-- Installing: /home/kan/lab/course/unitree_go2_ros2_jazzy1/install/ros2_unitree_legged_control/share/ros2_unitree_legged_control/local_setup.sh
-- Installing: /home/kan/lab/course/unitree_go2_ros2_jazzy1/install/ros2_unitree_legged_control/share/ros2_unitree_legged_control/local_setup.zsh
-- Installing: /home/kan/lab/course/unitree_go2_ros2_jazzy1/install/ros2_unitree_legged_control/share/ros2_unitree_legged_control/local_setup.dsv
-- Installing: /home/kan/lab/course/unitree_go2_ros2_jazzy1/install/ros2_unitree_legged_control/share/ros2_unitree_legged_control/package.dsv
-- Installing: /home/kan/lab/course/unitree_go2_ros2_jazzy1/install/ros2_unitree_legged_control/share/ament_index/resource_index/packages/ros2_unitree_legged_control
-- Installing: /home/kan/lab/course/unitree_go2_ros2_jazzy1/install/ros2_unitree_legged_control/share/ament_index/resource_index/controller_interface__pluginlib__plugin/ros2_unitree_legged_control
-- Installing: /home/kan/lab/course/unitree_go2_ros2_jazzy1/install/ros2_unitree_legged_control/share/ros2_unitree_legged_control/cmake/ros2_unitree_legged_controlExport.cmake
-- Installing: /home/kan/lab/course/unitree_go2_ros2_jazzy1/install/ros2_unitree_legged_control/share/ros2_unitree_legged_control/cmake/ros2_unitree_legged_controlExport-noconfig.cmake
-- Installing: /home/kan/lab/course/unitree_go2_ros2_jazzy1/install/ros2_unitree_legged_control/share/ros2_unitree_legged_control/cmake/ament_cmake_export_dependencies-extras.cmake
-- Installing: /home/kan/lab/course/unitree_go2_ros2_jazzy1/install/ros2_unitree_legged_control/share/ros2_unitree_legged_control/cmake/ament_cmake_export_libraries-extras.cmake
-- Installing: /home/kan/lab/course/unitree_go2_ros2_jazzy1/install/ros2_unitree_legged_control/share/ros2_unitree_legged_control/cmake/ament_cmake_export_targets-extras.cmake
-- Installing: /home/kan/lab/course/unitree_go2_ros2_jazzy1/install/ros2_unitree_legged_control/share/ros2_unitree_legged_control/cmake/ros2_unitree_legged_controlConfig.cmake
-- Installing: /home/kan/lab/course/unitree_go2_ros2_jazzy1/install/ros2_unitree_legged_control/share/ros2_unitree_legged_control/cmake/ros2_unitree_legged_controlConfig-version.cmake
-- Installing: /home/kan/lab/course/unitree_go2_ros2_jazzy1/install/ros2_unitree_legged_control/share/ros2_unitree_legged_control/package.xml
