[0.007s] Invoking command in '/home/kan/lab/course/unitree_go2_ros2_jazzy1/build/ros2_unitree_legged_control': AMENT_PREFIX_PATH=/home/kan/lab/course/unitree_go2_ros2_jazzy1/install/ros2_unitree_legged_msgs:${AMENT_PREFIX_PATH} CMAKE_PREFIX_PATH=/home/kan/lab/course/unitree_go2_ros2_jazzy1/install/ros2_unitree_legged_msgs:/opt/ros/humble LD_LIBRARY_PATH=/home/kan/lab/course/unitree_go2_ros2_jazzy1/install/ros2_unitree_legged_msgs/lib:${LD_LIBRARY_PATH} PYTHONPATH=/home/kan/lab/course/unitree_go2_ros2_jazzy1/install/ros2_unitree_legged_msgs/local/lib/python3.10/dist-packages:${PYTHONPATH} /usr/bin/cmake /home/kan/lab/course/unitree_go2_ros2_jazzy1/unitree_go2_ros2_jazzy/ros2_unitree_legged_controller -DCMAKE_INSTALL_PREFIX=/home/kan/lab/course/unitree_go2_ros2_jazzy1/install/ros2_unitree_legged_control
[0.062s] -- The CXX compiler identification is GNU 11.4.0
[0.070s] -- Detecting CXX compiler ABI info
[0.123s] -- Detecting CXX compiler ABI info - done
[0.130s] -- Check for working CXX compiler: /usr/lib/ccache/c++ - skipped
[0.130s] -- Detecting CXX compile features
[0.131s] -- Detecting CXX compile features - done
[0.132s] -- Found ament_cmake: 1.3.12 (/opt/ros/humble/share/ament_cmake/cmake)
[0.482s] -- Found Python3: /usr/bin/python3 (found version "3.10.12") found components: Interpreter 
[0.561s] -- Found ros2_unitree_legged_msgs: 0.4.0 (/home/kan/lab/course/unitree_go2_ros2_jazzy1/install/ros2_unitree_legged_msgs/share/ros2_unitree_legged_msgs/cmake)
[0.589s] -- Found rosidl_generator_c: 3.1.7 (/opt/ros/humble/share/rosidl_generator_c/cmake)
[0.593s] -- Found rosidl_adapter: 3.1.7 (/opt/ros/humble/share/rosidl_adapter/cmake)
[0.600s] -- Found rosidl_generator_cpp: 3.1.7 (/opt/ros/humble/share/rosidl_generator_cpp/cmake)
[0.611s] -- Using all available rosidl_typesupport_c: rosidl_typesupport_fastrtps_c;rosidl_typesupport_introspection_c
[0.625s] -- Using all available rosidl_typesupport_cpp: rosidl_typesupport_fastrtps_cpp;rosidl_typesupport_introspection_cpp
[0.636s] -- Found control_toolbox: 3.7.0 (/opt/ros/humble/share/control_toolbox/cmake)
[0.718s] -- Found rmw_implementation_cmake: 6.1.2 (/opt/ros/humble/share/rmw_implementation_cmake/cmake)
[0.723s] -- Found rmw_fastrtps_cpp: 6.2.9 (/opt/ros/humble/share/rmw_fastrtps_cpp/cmake)
[0.818s] -- Found OpenSSL: /usr/lib/x86_64-linux-gnu/libcrypto.so (found version "3.0.2")  
[0.844s] -- Found FastRTPS: /opt/ros/humble/include  
[0.880s] -- Using RMW implementation 'rmw_fastrtps_cpp' as default
[0.892s] -- Looking for C++ include pthread.h
[0.980s] -- Looking for C++ include pthread.h - found
[0.981s] -- Performing Test CMAKE_HAVE_LIBC_PTHREAD
[1.068s] -- Performing Test CMAKE_HAVE_LIBC_PTHREAD - Success
[1.069s] -- Found Threads: TRUE  
[1.332s] -- Found urdf: 2.6.1 (/opt/ros/humble/share/urdf/cmake)
[1.345s] -- Found controller_interface: 2.54.0 (/opt/ros/humble/share/controller_interface/cmake)
[1.416s] -- Configuring done
[1.430s] -- Generating done
[1.435s] -- Build files have been written to: /home/kan/lab/course/unitree_go2_ros2_jazzy1/build/ros2_unitree_legged_control
[1.446s] Invoked command in '/home/kan/lab/course/unitree_go2_ros2_jazzy1/build/ros2_unitree_legged_control' returned '0': AMENT_PREFIX_PATH=/home/kan/lab/course/unitree_go2_ros2_jazzy1/install/ros2_unitree_legged_msgs:${AMENT_PREFIX_PATH} CMAKE_PREFIX_PATH=/home/kan/lab/course/unitree_go2_ros2_jazzy1/install/ros2_unitree_legged_msgs:/opt/ros/humble LD_LIBRARY_PATH=/home/kan/lab/course/unitree_go2_ros2_jazzy1/install/ros2_unitree_legged_msgs/lib:${LD_LIBRARY_PATH} PYTHONPATH=/home/kan/lab/course/unitree_go2_ros2_jazzy1/install/ros2_unitree_legged_msgs/local/lib/python3.10/dist-packages:${PYTHONPATH} /usr/bin/cmake /home/kan/lab/course/unitree_go2_ros2_jazzy1/unitree_go2_ros2_jazzy/ros2_unitree_legged_controller -DCMAKE_INSTALL_PREFIX=/home/kan/lab/course/unitree_go2_ros2_jazzy1/install/ros2_unitree_legged_control
[1.447s] Invoking command in '/home/kan/lab/course/unitree_go2_ros2_jazzy1/build/ros2_unitree_legged_control': AMENT_PREFIX_PATH=/home/kan/lab/course/unitree_go2_ros2_jazzy1/install/ros2_unitree_legged_msgs:${AMENT_PREFIX_PATH} CMAKE_PREFIX_PATH=/home/kan/lab/course/unitree_go2_ros2_jazzy1/install/ros2_unitree_legged_msgs:/opt/ros/humble LD_LIBRARY_PATH=/home/kan/lab/course/unitree_go2_ros2_jazzy1/install/ros2_unitree_legged_msgs/lib:${LD_LIBRARY_PATH} PYTHONPATH=/home/kan/lab/course/unitree_go2_ros2_jazzy1/install/ros2_unitree_legged_msgs/local/lib/python3.10/dist-packages:${PYTHONPATH} /usr/bin/cmake --build /home/kan/lab/course/unitree_go2_ros2_jazzy1/build/ros2_unitree_legged_control -- -j8 -l8
[1.486s] [ 25%] Running `/opt/ros/humble/bin/generate_parameter_library_cpp /home/kan/lab/course/unitree_go2_ros2_jazzy1/build/ros2_unitree_legged_control/include/ros2_unitree_legged_control/ros2_unitree_legged_control_parameters.hpp /home/kan/lab/course/unitree_go2_ros2_jazzy1/unitree_go2_ros2_jazzy/ros2_unitree_legged_controller/src/ros2_unitree_legged_control.yaml `
[1.708s] [ 50%] Creating deprecated header file /home/kan/lab/course/unitree_go2_ros2_jazzy1/build/ros2_unitree_legged_control/include/ros2_unitree_legged_control_parameters.hpp
[1.722s] [ 50%] Built target ros2_unitree_legged_control_parameters
[1.737s] [ 75%] Building CXX object CMakeFiles/ros2_unitree_legged_control.dir/src/ros2_unitree_legged_control.cpp.o
[2.611s] In file included from /home/kan/lab/course/unitree_go2_ros2_jazzy1/unitree_go2_ros2_jazzy/ros2_unitree_legged_controller/include/ros2_unitree_legged_control/ros2_unitree_legged_control.hpp:30,
[2.611s]                  from /home/kan/lab/course/unitree_go2_ros2_jazzy1/unitree_go2_ros2_jazzy/ros2_unitree_legged_controller/src/ros2_unitree_legged_control.cpp:21:
[2.611s] /home/kan/lab/course/unitree_go2_ros2_jazzy1/build/ros2_unitree_legged_control/include/ros2_unitree_legged_control_parameters.hpp:1:184: note: ‘#pragma message: #include "ros2_unitree_legged_control_parameters.hpp" is deprecated. Use #include <ros2_unitree_legged_control/ros2_unitree_legged_control_parameters.hpp> instead.’
[2.611s]     1 | #pragma message("#include \"ros2_unitree_legged_control_parameters.hpp\" is deprecated. Use #include <ros2_unitree_legged_control/ros2_unitree_legged_control_parameters.hpp> instead.")
[2.611s]       |                                                                                                                                                                                        ^
[2.611s] /home/kan/lab/course/unitree_go2_ros2_jazzy1/unitree_go2_ros2_jazzy/ros2_unitree_legged_controller/src/ros2_unitree_legged_control.cpp: In member function ‘virtual controller_interface::CallbackReturn ros2_unitree_legged_control::UnitreeLeggedController::on_configure(const rclcpp_lifecycle::State&)’:
[2.611s] /home/kan/lab/course/unitree_go2_ros2_jazzy1/unitree_go2_ros2_jazzy/ros2_unitree_legged_controller/src/ros2_unitree_legged_control.cpp:170:35: warning: unused parameter ‘previous_state’ [-Wunused-parameter]
[2.611s]   170 |   const rclcpp_lifecycle::State & previous_state)
[2.611s]       |   ~~~~~~~~~~~~~~~~~~~~~~~~~~~~~~~~^~~~~~~~~~~~~~
[2.611s] /home/kan/lab/course/unitree_go2_ros2_jazzy1/unitree_go2_ros2_jazzy/ros2_unitree_legged_controller/src/ros2_unitree_legged_control.cpp: In member function ‘virtual controller_interface::CallbackReturn ros2_unitree_legged_control::UnitreeLeggedController::on_activate(const rclcpp_lifecycle::State&)’:
[2.611s] /home/kan/lab/course/unitree_go2_ros2_jazzy1/unitree_go2_ros2_jazzy/ros2_unitree_legged_controller/src/ros2_unitree_legged_control.cpp:219:35: warning: unused parameter ‘previous_state’ [-Wunused-parameter]
[2.611s]   219 |   const rclcpp_lifecycle::State & previous_state)
[2.611s]       |   ~~~~~~~~~~~~~~~~~~~~~~~~~~~~~~~~^~~~~~~~~~~~~~
[2.611s] /home/kan/lab/course/unitree_go2_ros2_jazzy1/unitree_go2_ros2_jazzy/ros2_unitree_legged_controller/src/ros2_unitree_legged_control.cpp: In member function ‘virtual controller_interface::return_type ros2_unitree_legged_control::UnitreeLeggedController::update(const rclcpp::Time&, const rclcpp::Duration&)’:
[2.611s] /home/kan/lab/course/unitree_go2_ros2_jazzy1/unitree_go2_ros2_jazzy/ros2_unitree_legged_controller/src/ros2_unitree_legged_control.cpp:266:24: warning: unused parameter ‘time’ [-Wunused-parameter]
[2.611s]   266 |   const rclcpp::Time & time, const rclcpp::Duration & period)
[2.611s]       |   ~~~~~~~~~~~~~~~~~~~~~^~~~
[2.611s] /home/kan/lab/course/unitree_go2_ros2_jazzy1/unitree_go2_ros2_jazzy/ros2_unitree_legged_controller/src/ros2_unitree_legged_control.cpp:266:55: warning: unused parameter ‘period’ [-Wunused-parameter]
[2.611s]   266 |   const rclcpp::Time & time, const rclcpp::Duration & period)
[2.611s]       |                              ~~~~~~~~~~~~~~~~~~~~~~~~~^~~~~~
[2.629s] [100%] Linking CXX shared library libros2_unitree_legged_control.so
[3.222s] [100%] Built target ros2_unitree_legged_control
[3.230s] Invoked command in '/home/kan/lab/course/unitree_go2_ros2_jazzy1/build/ros2_unitree_legged_control' returned '0': AMENT_PREFIX_PATH=/home/kan/lab/course/unitree_go2_ros2_jazzy1/install/ros2_unitree_legged_msgs:${AMENT_PREFIX_PATH} CMAKE_PREFIX_PATH=/home/kan/lab/course/unitree_go2_ros2_jazzy1/install/ros2_unitree_legged_msgs:/opt/ros/humble LD_LIBRARY_PATH=/home/kan/lab/course/unitree_go2_ros2_jazzy1/install/ros2_unitree_legged_msgs/lib:${LD_LIBRARY_PATH} PYTHONPATH=/home/kan/lab/course/unitree_go2_ros2_jazzy1/install/ros2_unitree_legged_msgs/local/lib/python3.10/dist-packages:${PYTHONPATH} /usr/bin/cmake --build /home/kan/lab/course/unitree_go2_ros2_jazzy1/build/ros2_unitree_legged_control -- -j8 -l8
[3.231s] Invoking command in '/home/kan/lab/course/unitree_go2_ros2_jazzy1/build/ros2_unitree_legged_control': AMENT_PREFIX_PATH=/home/kan/lab/course/unitree_go2_ros2_jazzy1/install/ros2_unitree_legged_msgs:${AMENT_PREFIX_PATH} CMAKE_PREFIX_PATH=/home/kan/lab/course/unitree_go2_ros2_jazzy1/install/ros2_unitree_legged_msgs:/opt/ros/humble LD_LIBRARY_PATH=/home/kan/lab/course/unitree_go2_ros2_jazzy1/install/ros2_unitree_legged_msgs/lib:${LD_LIBRARY_PATH} PYTHONPATH=/home/kan/lab/course/unitree_go2_ros2_jazzy1/install/ros2_unitree_legged_msgs/local/lib/python3.10/dist-packages:${PYTHONPATH} /usr/bin/cmake --install /home/kan/lab/course/unitree_go2_ros2_jazzy1/build/ros2_unitree_legged_control
[3.237s] -- Install configuration: ""
[3.237s] -- Installing: /home/kan/lab/course/unitree_go2_ros2_jazzy1/install/ros2_unitree_legged_control/include/ros2_unitree_legged_control
[3.237s] -- Installing: /home/kan/lab/course/unitree_go2_ros2_jazzy1/install/ros2_unitree_legged_control/include/ros2_unitree_legged_control/ros2_unitree_legged_control_parameters.hpp
[3.237s] -- Installing: /home/kan/lab/course/unitree_go2_ros2_jazzy1/install/ros2_unitree_legged_control/share/ros2_unitree_legged_control/ros2_unitree_legged_control.xml
[3.237s] -- Up-to-date: /home/kan/lab/course/unitree_go2_ros2_jazzy1/install/ros2_unitree_legged_control/include/ros2_unitree_legged_control
[3.237s] -- Installing: /home/kan/lab/course/unitree_go2_ros2_jazzy1/install/ros2_unitree_legged_control/include/ros2_unitree_legged_control/ros2_unitree_legged_control
[3.237s] -- Installing: /home/kan/lab/course/unitree_go2_ros2_jazzy1/install/ros2_unitree_legged_control/include/ros2_unitree_legged_control/ros2_unitree_legged_control/unitree_joint_control_tool.h
[3.237s] -- Installing: /home/kan/lab/course/unitree_go2_ros2_jazzy1/install/ros2_unitree_legged_control/include/ros2_unitree_legged_control/ros2_unitree_legged_control/ros2_unitree_legged_control.hpp
[3.238s] -- Installing: /home/kan/lab/course/unitree_go2_ros2_jazzy1/install/ros2_unitree_legged_control/include/ros2_unitree_legged_control/ros2_unitree_legged_control/visibility_control.h
[3.238s] -- Installing: /home/kan/lab/course/unitree_go2_ros2_jazzy1/install/ros2_unitree_legged_control/lib/libros2_unitree_legged_control.so
[3.243s] -- Set runtime path of "/home/kan/lab/course/unitree_go2_ros2_jazzy1/install/ros2_unitree_legged_control/lib/libros2_unitree_legged_control.so" to "/home/kan/lab/course/unitree_go2_ros2_jazzy1/install/ros2_unitree_legged_control/lib"
[3.243s] -- Installing: /home/kan/lab/course/unitree_go2_ros2_jazzy1/install/ros2_unitree_legged_control/share/ros2_unitree_legged_control/environment/library_path.sh
[3.244s] -- Installing: /home/kan/lab/course/unitree_go2_ros2_jazzy1/install/ros2_unitree_legged_control/share/ros2_unitree_legged_control/environment/library_path.dsv
[3.244s] -- Up-to-date: /home/kan/lab/course/unitree_go2_ros2_jazzy1/install/ros2_unitree_legged_control/share/ros2_unitree_legged_control/ros2_unitree_legged_control.xml
[3.244s] -- Installing: /home/kan/lab/course/unitree_go2_ros2_jazzy1/install/ros2_unitree_legged_control/share/ament_index/resource_index/package_run_dependencies/ros2_unitree_legged_control
[3.244s] -- Installing: /home/kan/lab/course/unitree_go2_ros2_jazzy1/install/ros2_unitree_legged_control/share/ament_index/resource_index/parent_prefix_path/ros2_unitree_legged_control
[3.244s] -- Installing: /home/kan/lab/course/unitree_go2_ros2_jazzy1/install/ros2_unitree_legged_control/share/ros2_unitree_legged_control/environment/ament_prefix_path.sh
[3.244s] -- Installing: /home/kan/lab/course/unitree_go2_ros2_jazzy1/install/ros2_unitree_legged_control/share/ros2_unitree_legged_control/environment/ament_prefix_path.dsv
[3.244s] -- Installing: /home/kan/lab/course/unitree_go2_ros2_jazzy1/install/ros2_unitree_legged_control/share/ros2_unitree_legged_control/environment/path.sh
[3.244s] -- Installing: /home/kan/lab/course/unitree_go2_ros2_jazzy1/install/ros2_unitree_legged_control/share/ros2_unitree_legged_control/environment/path.dsv
[3.244s] -- Installing: /home/kan/lab/course/unitree_go2_ros2_jazzy1/install/ros2_unitree_legged_control/share/ros2_unitree_legged_control/local_setup.bash
[3.244s] -- Installing: /home/kan/lab/course/unitree_go2_ros2_jazzy1/install/ros2_unitree_legged_control/share/ros2_unitree_legged_control/local_setup.sh
[3.244s] -- Installing: /home/kan/lab/course/unitree_go2_ros2_jazzy1/install/ros2_unitree_legged_control/share/ros2_unitree_legged_control/local_setup.zsh
[3.244s] -- Installing: /home/kan/lab/course/unitree_go2_ros2_jazzy1/install/ros2_unitree_legged_control/share/ros2_unitree_legged_control/local_setup.dsv
[3.245s] -- Installing: /home/kan/lab/course/unitree_go2_ros2_jazzy1/install/ros2_unitree_legged_control/share/ros2_unitree_legged_control/package.dsv
[3.245s] -- Installing: /home/kan/lab/course/unitree_go2_ros2_jazzy1/install/ros2_unitree_legged_control/share/ament_index/resource_index/packages/ros2_unitree_legged_control
[3.245s] -- Installing: /home/kan/lab/course/unitree_go2_ros2_jazzy1/install/ros2_unitree_legged_control/share/ament_index/resource_index/controller_interface__pluginlib__plugin/ros2_unitree_legged_control
[3.245s] -- Installing: /home/kan/lab/course/unitree_go2_ros2_jazzy1/install/ros2_unitree_legged_control/share/ros2_unitree_legged_control/cmake/ros2_unitree_legged_controlExport.cmake
[3.245s] -- Installing: /home/kan/lab/course/unitree_go2_ros2_jazzy1/install/ros2_unitree_legged_control/share/ros2_unitree_legged_control/cmake/ros2_unitree_legged_controlExport-noconfig.cmake
[3.245s] -- Installing: /home/kan/lab/course/unitree_go2_ros2_jazzy1/install/ros2_unitree_legged_control/share/ros2_unitree_legged_control/cmake/ament_cmake_export_dependencies-extras.cmake
[3.245s] -- Installing: /home/kan/lab/course/unitree_go2_ros2_jazzy1/install/ros2_unitree_legged_control/share/ros2_unitree_legged_control/cmake/ament_cmake_export_libraries-extras.cmake
[3.245s] -- Installing: /home/kan/lab/course/unitree_go2_ros2_jazzy1/install/ros2_unitree_legged_control/share/ros2_unitree_legged_control/cmake/ament_cmake_export_targets-extras.cmake
[3.245s] -- Installing: /home/kan/lab/course/unitree_go2_ros2_jazzy1/install/ros2_unitree_legged_control/share/ros2_unitree_legged_control/cmake/ros2_unitree_legged_controlConfig.cmake
[3.246s] -- Installing: /home/kan/lab/course/unitree_go2_ros2_jazzy1/install/ros2_unitree_legged_control/share/ros2_unitree_legged_control/cmake/ros2_unitree_legged_controlConfig-version.cmake
[3.246s] -- Installing: /home/kan/lab/course/unitree_go2_ros2_jazzy1/install/ros2_unitree_legged_control/share/ros2_unitree_legged_control/package.xml
[3.247s] Invoked command in '/home/kan/lab/course/unitree_go2_ros2_jazzy1/build/ros2_unitree_legged_control' returned '0': AMENT_PREFIX_PATH=/home/kan/lab/course/unitree_go2_ros2_jazzy1/install/ros2_unitree_legged_msgs:${AMENT_PREFIX_PATH} CMAKE_PREFIX_PATH=/home/kan/lab/course/unitree_go2_ros2_jazzy1/install/ros2_unitree_legged_msgs:/opt/ros/humble LD_LIBRARY_PATH=/home/kan/lab/course/unitree_go2_ros2_jazzy1/install/ros2_unitree_legged_msgs/lib:${LD_LIBRARY_PATH} PYTHONPATH=/home/kan/lab/course/unitree_go2_ros2_jazzy1/install/ros2_unitree_legged_msgs/local/lib/python3.10/dist-packages:${PYTHONPATH} /usr/bin/cmake --install /home/kan/lab/course/unitree_go2_ros2_jazzy1/build/ros2_unitree_legged_control
